Archive member included to satisfy reference by file (symbol)

/usr/lib/gcc/arm-none-eabi/10.3.1/thumb/v6-m/nofp/libgcc.a(_dvmd_tls.o)
                              CMakeFiles/wifi_test.dir/home/osugiw/pico/pico-sdk/src/rp2_common/pico_divider/divider.S.obj (__aeabi_idiv0)
/usr/lib/gcc/arm-none-eabi/10.3.1/../../../arm-none-eabi/lib/thumb/v6-m/nofp/libc.a(lib_a-atexit.o)
                              /usr/lib/gcc/arm-none-eabi/10.3.1/../../../arm-none-eabi/lib/thumb/v6-m/nofp/crt0.o (atexit)
/usr/lib/gcc/arm-none-eabi/10.3.1/../../../arm-none-eabi/lib/thumb/v6-m/nofp/libc.a(lib_a-atoi.o)
                              CMakeFiles/wifi_test.dir/home/osugiw/pico/pico-sdk/lib/lwip/src/core/netif.c.obj (atoi)
/usr/lib/gcc/arm-none-eabi/10.3.1/../../../arm-none-eabi/lib/thumb/v6-m/nofp/libc.a(lib_a-calloc.o)
                              CMakeFiles/wifi_test.dir/home/osugiw/pico/pico-sdk/src/rp2_common/pico_malloc/pico_malloc.c.obj (calloc)
/usr/lib/gcc/arm-none-eabi/10.3.1/../../../arm-none-eabi/lib/thumb/v6-m/nofp/libc.a(lib_a-callocr.o)
                              /usr/lib/gcc/arm-none-eabi/10.3.1/../../../arm-none-eabi/lib/thumb/v6-m/nofp/libc.a(lib_a-calloc.o) (_calloc_r)
/usr/lib/gcc/arm-none-eabi/10.3.1/../../../arm-none-eabi/lib/thumb/v6-m/nofp/libc.a(lib_a-ctype_.o)
                              CMakeFiles/wifi_test.dir/home/osugiw/pico/pico-sdk/lib/lwip/src/core/dns.c.obj (_ctype_)
/usr/lib/gcc/arm-none-eabi/10.3.1/../../../arm-none-eabi/lib/thumb/v6-m/nofp/libc.a(lib_a-fini.o)
                              /usr/lib/gcc/arm-none-eabi/10.3.1/../../../arm-none-eabi/lib/thumb/v6-m/nofp/crt0.o (__libc_fini_array)
/usr/lib/gcc/arm-none-eabi/10.3.1/../../../arm-none-eabi/lib/thumb/v6-m/nofp/libc.a(lib_a-impure.o)
                              /usr/lib/gcc/arm-none-eabi/10.3.1/../../../arm-none-eabi/lib/thumb/v6-m/nofp/libc.a(lib_a-calloc.o) (_impure_ptr)
/usr/lib/gcc/arm-none-eabi/10.3.1/../../../arm-none-eabi/lib/thumb/v6-m/nofp/libc.a(lib_a-init.o)
                              /usr/lib/gcc/arm-none-eabi/10.3.1/../../../arm-none-eabi/lib/thumb/v6-m/nofp/crt0.o (__libc_init_array)
/usr/lib/gcc/arm-none-eabi/10.3.1/../../../arm-none-eabi/lib/thumb/v6-m/nofp/libc.a(lib_a-malloc.o)
                              CMakeFiles/wifi_test.dir/home/osugiw/pico/pico-sdk/src/rp2_common/pico_malloc/pico_malloc.c.obj (malloc)
/usr/lib/gcc/arm-none-eabi/10.3.1/../../../arm-none-eabi/lib/thumb/v6-m/nofp/libc.a(lib_a-mallocr.o)
                              /usr/lib/gcc/arm-none-eabi/10.3.1/../../../arm-none-eabi/lib/thumb/v6-m/nofp/libc.a(lib_a-callocr.o) (_malloc_r)
/usr/lib/gcc/arm-none-eabi/10.3.1/../../../arm-none-eabi/lib/thumb/v6-m/nofp/libc.a(lib_a-memcmp.o)
                              CMakeFiles/wifi_test.dir/home/osugiw/pico/pico-sdk/lib/lwip/src/netif/ethernet.c.obj (memcmp)
/usr/lib/gcc/arm-none-eabi/10.3.1/../../../arm-none-eabi/lib/thumb/v6-m/nofp/libc.a(lib_a-memmove.o)
                              CMakeFiles/wifi_test.dir/home/osugiw/pico/pico-sdk/lib/lwip/src/core/def.c.obj (memmove)
/usr/lib/gcc/arm-none-eabi/10.3.1/../../../arm-none-eabi/lib/thumb/v6-m/nofp/libc.a(lib_a-mlock.o)
                              /usr/lib/gcc/arm-none-eabi/10.3.1/../../../arm-none-eabi/lib/thumb/v6-m/nofp/libc.a(lib_a-mallocr.o) (__malloc_lock)
/usr/lib/gcc/arm-none-eabi/10.3.1/../../../arm-none-eabi/lib/thumb/v6-m/nofp/libc.a(lib_a-realloc.o)
                              CMakeFiles/wifi_test.dir/home/osugiw/pico/pico-sdk/src/rp2_common/pico_malloc/pico_malloc.c.obj (realloc)
/usr/lib/gcc/arm-none-eabi/10.3.1/../../../arm-none-eabi/lib/thumb/v6-m/nofp/libc.a(lib_a-reallocr.o)
                              /usr/lib/gcc/arm-none-eabi/10.3.1/../../../arm-none-eabi/lib/thumb/v6-m/nofp/libc.a(lib_a-realloc.o) (_realloc_r)
/usr/lib/gcc/arm-none-eabi/10.3.1/../../../arm-none-eabi/lib/thumb/v6-m/nofp/libc.a(lib_a-sbrkr.o)
                              /usr/lib/gcc/arm-none-eabi/10.3.1/../../../arm-none-eabi/lib/thumb/v6-m/nofp/libc.a(lib_a-mallocr.o) (_sbrk_r)
/usr/lib/gcc/arm-none-eabi/10.3.1/../../../arm-none-eabi/lib/thumb/v6-m/nofp/libc.a(lib_a-strlen-stub.o)
                              CMakeFiles/wifi_test.dir/home/osugiw/pico/pico-sdk/lib/lwip/src/core/def.c.obj (strlen)
/usr/lib/gcc/arm-none-eabi/10.3.1/../../../arm-none-eabi/lib/thumb/v6-m/nofp/libc.a(lib_a-strncmp.o)
                              CMakeFiles/wifi_test.dir/home/osugiw/pico/pico-sdk/lib/lwip/src/core/def.c.obj (strncmp)
/usr/lib/gcc/arm-none-eabi/10.3.1/../../../arm-none-eabi/lib/thumb/v6-m/nofp/libc.a(lib_a-strtol.o)
                              /usr/lib/gcc/arm-none-eabi/10.3.1/../../../arm-none-eabi/lib/thumb/v6-m/nofp/libc.a(lib_a-atoi.o) (_strtol_r)
/usr/lib/gcc/arm-none-eabi/10.3.1/../../../arm-none-eabi/lib/thumb/v6-m/nofp/libc.a(lib_a-__atexit.o)
                              /usr/lib/gcc/arm-none-eabi/10.3.1/../../../arm-none-eabi/lib/thumb/v6-m/nofp/libc.a(lib_a-atexit.o) (__register_exitproc)
[...]
Memory Configuration

Name             Origin             Length             Attributes
FLASH            0x0000000010000000 0x0000000000200000 xr
RAM              0x0000000020000000 0x0000000000040000 xrw
SCRATCH_X        0x0000000020040000 0x0000000000001000 xrw
SCRATCH_Y        0x0000000020041000 0x0000000000001000 xrw
*default*        0x0000000000000000 0xffffffffffffffff

Linker script and memory map

LOAD /usr/lib/gcc/arm-none-eabi/10.3.1/thumb/v6-m/nofp/crti.o
LOAD /usr/lib/gcc/arm-none-eabi/10.3.1/thumb/v6-m/nofp/crtbegin.o
LOAD /usr/lib/gcc/arm-none-eabi/10.3.1/../../../arm-none-eabi/lib/thumb/v6-m/nofp/crt0.o

.flash_begin    0x0000000010000000        0x0
                0x0000000010000000                __flash_binary_start = .

.boot2          0x0000000010000000      0x100
                0x0000000010000000                __boot2_start__ = .
 *(.boot2)
 .boot2         0x0000000010000000      0x100 /tmp/ccj09DRW.o
                0x0000000010000100                __boot2_end__ = .
                0x0000000000000001                ASSERT (((__boot2_end__ - __boot2_start__) == 0x100), ERROR: Pico second stage bootloader must be 256 bytes in size)

.text           0x0000000010000100    0x17278
                0x0000000010000100                __logical_binary_start = .
 *(.vectors)
 .vectors       0x0000000010000100       0xd4 CMakeFiles/wifi_test.dir/home/osugiw/pico/pico-sdk/src/rp2_common/pico_standard_link/crt0.S.obj
                0x0000000010000100                __vectors
                0x0000000010000100                __VECTOR_TABLE
                0x00000000100001c0                isr_invalid
                0x00000000100001c0                __default_isrs_start
                0x00000000100001c2                isr_nmi
                0x00000000100001c4                isr_hardfault
                0x00000000100001c6                isr_svcall
                0x00000000100001c8                isr_pendsv
                0x00000000100001ca                isr_systick
                0x00000000100001cc                isr_irq30
                0x00000000100001cc                __unhandled_user_irq
                0x00000000100001cc                isr_irq13
                0x00000000100001cc                isr_irq27
                0x00000000100001cc                isr_irq31
                0x00000000100001cc                isr_irq5
                0x00000000100001cc                isr_irq11
                0x00000000100001cc                isr_irq23
                0x00000000100001cc                isr_irq18
                0x00000000100001cc                isr_irq28
                0x00000000100001cc                isr_irq19
                0x00000000100001cc                isr_irq0
                0x00000000100001cc                isr_irq6
                0x00000000100001cc                isr_irq22
                0x00000000100001cc                isr_irq17
                0x00000000100001cc                isr_irq14
                0x00000000100001cc                isr_irq2
                0x00000000100001cc                isr_irq10
                0x00000000100001cc                isr_irq8
                0x00000000100001cc                isr_irq24
                0x00000000100001cc                isr_irq1
                0x00000000100001cc                isr_irq7
                0x00000000100001cc                isr_irq21
                0x00000000100001cc                isr_irq20
                0x00000000100001cc                isr_irq15
                0x00000000100001cc                isr_irq25
                0x00000000100001cc                isr_irq4
                0x00000000100001cc                isr_irq16
                0x00000000100001cc                isr_irq29
                0x00000000100001cc                isr_irq26
                0x00000000100001cc                __default_isrs_end
                0x00000000100001cc                isr_irq3
                0x00000000100001cc                isr_irq12
                0x00000000100001cc                isr_irq9
                0x00000000100001d2                unhandled_user_irq_num_in_r0
 *(.binary_info_header)
 .binary_info_header
                0x00000000100001d4       0x14 CMakeFiles/wifi_test.dir/home/osugiw/pico/pico-sdk/src/rp2_common/pico_standard_link/crt0.S.obj
                0x00000000100001e8                __binary_info_header_end = .
 *(.reset)
 .reset         0x00000000100001e8       0xa0 CMakeFiles/wifi_test.dir/home/osugiw/pico/pico-sdk/src/rp2_common/pico_standard_link/crt0.S.obj
                0x00000000100001e8                _entry_point
 .reset         0x0000000010000288       0x30 CMakeFiles/wifi_test.dir/home/osugiw/pico/pico-sdk/src/rp2_common/pico_standard_link/binary_info.c.obj
 *(.init)
 .init          0x00000000100002b8        0x4 /usr/lib/gcc/arm-none-eabi/10.3.1/thumb/v6-m/nofp/crti.o
                0x00000000100002b8                _init
 *(EXCLUDE_FILE(*libm.a: *libc.a:*lib_a-mem*.o *libgcc.a:) .text*)
 .text          0x00000000100002bc       0x98 /usr/lib/gcc/arm-none-eabi/10.3.1/thumb/v6-m/nofp/crtbegin.o
 .text.startup.main
                0x0000000010000354       0x6c CMakeFiles/wifi_test.dir/main.c.obj
                0x0000000010000354                main
 .text.lwip_timeout_reached
                0x00000000100003c0        0x8 CMakeFiles/wifi_test.dir/home/osugiw/pico/pico-sdk/src/rp2_common/pico_lwip/lwip_nosys.c.obj
 .text.update_next_timeout
                0x00000000100003c8       0x6c CMakeFiles/wifi_test.dir/home/osugiw/pico/pico-sdk/src/rp2_common/pico_lwip/lwip_nosys.c.obj
 .text.lwip_nosys_init
                0x0000000010000434       0x30 CMakeFiles/wifi_test.dir/home/osugiw/pico/pico-sdk/src/rp2_common/pico_lwip/lwip_nosys.c.obj
                0x0000000010000434                lwip_nosys_init
 .text.lwip_nosys_deinit
                0x0000000010000464       0x20 CMakeFiles/wifi_test.dir/home/osugiw/pico/pico-sdk/src/rp2_common/pico_lwip/lwip_nosys.c.obj
                0x0000000010000464                lwip_nosys_deinit
 .text.sys_arch_protect
                0x0000000010000484        0x4 CMakeFiles/wifi_test.dir/home/osugiw/pico/pico-sdk/src/rp2_common/pico_lwip/lwip_nosys.c.obj
                0x0000000010000484                sys_arch_protect
 .text.sys_arch_unprotect
                0x0000000010000488        0x4 CMakeFiles/wifi_test.dir/home/osugiw/pico/pico-sdk/src/rp2_common/pico_lwip/lwip_nosys.c.obj
                0x0000000010000488                sys_arch_unprotect
 .text.sys_now  0x000000001000048c       0x20 CMakeFiles/wifi_test.dir/home/osugiw/pico/pico-sdk/src/rp2_common/pico_lwip/lwip_nosys.c.obj
                0x000000001000048c                sys_now
 .text.async_context_base_add_at_time_worker
                0x00000000100004ac       0x28 CMakeFiles/wifi_test.dir/home/osugiw/pico/pico-sdk/src/rp2_common/pico_async_context/async_context_base.c.obj
                0x00000000100004ac                async_context_base_add_at_time_worker
 .text.async_context_base_remove_at_time_worker
                0x00000000100004d4       0x28 CMakeFiles/wifi_test.dir/home/osugiw/pico/pico-sdk/src/rp2_common/pico_async_context/async_context_base.c.obj
                0x00000000100004d4                async_context_base_remove_at_time_worker
 .text.async_context_base_add_when_pending_worker
                0x00000000100004fc       0x24 CMakeFiles/wifi_test.dir/home/osugiw/pico/pico-sdk/src/rp2_common/pico_async_context/async_context_base.c.obj
                0x00000000100004fc                async_context_base_add_when_pending_worker
 .text.async_context_base_remove_when_pending_worker
                0x0000000010000520       0x28 CMakeFiles/wifi_test.dir/home/osugiw/pico/pico-sdk/src/rp2_common/pico_async_context/async_context_base.c.obj
                0x0000000010000520                async_context_base_remove_when_pending_worker
 .text.async_context_base_execute_once
                0x0000000010000548       0xe8 CMakeFiles/wifi_test.dir/home/osugiw/pico/pico-sdk/src/rp2_common/pico_async_context/async_context_base.c.obj
                0x0000000010000548                async_context_base_execute_once
 .text.running_on_fpga
                0x0000000010000630       0x10 CMakeFiles/wifi_test.dir/home/osugiw/pico/pico-sdk/src/rp2_common/pico_platform/platform.c.obj
                0x0000000010000630                running_on_fpga
 .text.splitmix64
                0x0000000010000640       0x5c CMakeFiles/wifi_test.dir/home/osugiw/pico/pico-sdk/src/rp2_common/pico_rand/rand.c.obj
 .text.xoroshiro128ss
                0x000000001000069c       0x90 CMakeFiles/wifi_test.dir/home/osugiw/pico/pico-sdk/src/rp2_common/pico_rand/rand.c.obj
 .text.get_rand_64
                0x000000001000072c      0x484 CMakeFiles/wifi_test.dir/home/osugiw/pico/pico-sdk/src/rp2_common/pico_rand/rand.c.obj
                0x000000001000072c                get_rand_64
 .text.get_rand_32
                0x0000000010000bb0        0x8 CMakeFiles/wifi_test.dir/home/osugiw/pico/pico-sdk/src/rp2_common/pico_rand/rand.c.obj
                0x0000000010000bb0                get_rand_32
 .text.startup._retrieve_unique_id_on_boot
                0x0000000010000bb8       0x10 CMakeFiles/wifi_test.dir/home/osugiw/pico/pico-sdk/src/rp2_common/pico_unique_id/unique_id.c.obj
 .text.pico_get_unique_board_id
                0x0000000010000bc8       0x10 CMakeFiles/wifi_test.dir/home/osugiw/pico/pico-sdk/src/rp2_common/pico_unique_id/unique_id.c.obj
                0x0000000010000bc8                pico_get_unique_board_id
 .text.pico_get_unique_board_id_string
                0x0000000010000bd8      0x1a8 CMakeFiles/wifi_test.dir/home/osugiw/pico/pico-sdk/src/rp2_common/pico_unique_id/unique_id.c.obj
                0x0000000010000bd8                pico_get_unique_board_id_string
 .text.flash_get_unique_id
                0x0000000010000d80       0x40 CMakeFiles/wifi_test.dir/home/osugiw/pico/pico-sdk/src/rp2_common/hardware_flash/flash.c.obj
                0x0000000010000d80                flash_get_unique_id
 .text.hw_claim_lock
                0x0000000010000dc0       0x18 CMakeFiles/wifi_test.dir/home/osugiw/pico/pico-sdk/src/rp2_common/hardware_claim/claim.c.obj
                0x0000000010000dc0                hw_claim_lock
 .text.hw_claim_unlock
                0x0000000010000dd8       0x14 CMakeFiles/wifi_test.dir/home/osugiw/pico/pico-sdk/src/rp2_common/hardware_claim/claim.c.obj
                0x0000000010000dd8                hw_claim_unlock
 .text.hw_claim_or_assert
                0x0000000010000dec       0x44 CMakeFiles/wifi_test.dir/home/osugiw/pico/pico-sdk/src/rp2_common/hardware_claim/claim.c.obj
                0x0000000010000dec                hw_claim_or_assert
 .text.hw_claim_unused_from_range
                0x0000000010000e30       0x9c CMakeFiles/wifi_test.dir/home/osugiw/pico/pico-sdk/src/rp2_common/hardware_claim/claim.c.obj
                0x0000000010000e30                hw_claim_unused_from_range
 .text.hw_claim_clear
                0x0000000010000ecc       0x38 CMakeFiles/wifi_test.dir/home/osugiw/pico/pico-sdk/src/rp2_common/hardware_claim/claim.c.obj
                0x0000000010000ecc                hw_claim_clear
 .text.spin_locks_reset
                0x0000000010000f04       0x1c CMakeFiles/wifi_test.dir/home/osugiw/pico/pico-sdk/src/rp2_common/hardware_sync/sync.c.obj
                0x0000000010000f04                spin_locks_reset
 .text.next_striped_spin_lock_num
                0x0000000010000f20       0x18 CMakeFiles/wifi_test.dir/home/osugiw/pico/pico-sdk/src/rp2_common/hardware_sync/sync.c.obj
                0x0000000010000f20                next_striped_spin_lock_num
 .text.spin_lock_claim_unused
                0x0000000010000f38       0x20 CMakeFiles/wifi_test.dir/home/osugiw/pico/pico-sdk/src/rp2_common/hardware_sync/sync.c.obj
                0x0000000010000f38                spin_lock_claim_unused
 .text.rom_func_lookup
                0x0000000010000f58       0x10 CMakeFiles/wifi_test.dir/home/osugiw/pico/pico-sdk/src/rp2_common/pico_bootrom/bootrom.c.obj
                0x0000000010000f58                rom_func_lookup
 .text.rom_data_lookup
                0x0000000010000f68       0x10 CMakeFiles/wifi_test.dir/home/osugiw/pico/pico-sdk/src/rp2_common/pico_bootrom/bootrom.c.obj
                0x0000000010000f68                rom_data_lookup
 .text.rom_funcs_lookup
                0x0000000010000f78       0x44 CMakeFiles/wifi_test.dir/home/osugiw/pico/pico-sdk/src/rp2_common/pico_bootrom/bootrom.c.obj
                0x0000000010000f78                rom_funcs_lookup
 .text.clocks_init
                0x0000000010000fbc      0x2d0 CMakeFiles/wifi_test.dir/home/osugiw/pico/pico-sdk/src/rp2_common/hardware_clocks/clocks.c.obj
                0x0000000010000fbc                clocks_init
 .text.clock_get_hz
                0x000000001000128c        0xc CMakeFiles/wifi_test.dir/home/osugiw/pico/pico-sdk/src/rp2_common/hardware_clocks/clocks.c.obj
                0x000000001000128c                clock_get_hz
 .text.gpio_set_function
                0x0000000010001298       0x30 CMakeFiles/wifi_test.dir/home/osugiw/pico/pico-sdk/src/rp2_common/hardware_gpio/gpio.c.obj
                0x0000000010001298                gpio_set_function
 .text.gpio_set_pulls
                0x00000000100012c8       0x30 CMakeFiles/wifi_test.dir/home/osugiw/pico/pico-sdk/src/rp2_common/hardware_gpio/gpio.c.obj
                0x00000000100012c8                gpio_set_pulls
 .text.gpio_set_input_hysteresis_enabled
                0x00000000100012f8       0x28 CMakeFiles/wifi_test.dir/home/osugiw/pico/pico-sdk/src/rp2_common/hardware_gpio/gpio.c.obj
                0x00000000100012f8                gpio_set_input_hysteresis_enabled
 .text.gpio_set_irq_enabled
                0x0000000010001320       0x54 CMakeFiles/wifi_test.dir/home/osugiw/pico/pico-sdk/src/rp2_common/hardware_gpio/gpio.c.obj
                0x0000000010001320                gpio_set_irq_enabled
 .text.gpio_add_raw_irq_handler_with_order_priority_masked
                0x0000000010001374       0x44 CMakeFiles/wifi_test.dir/home/osugiw/pico/pico-sdk/src/rp2_common/hardware_gpio/gpio.c.obj
                0x0000000010001374                gpio_add_raw_irq_handler_with_order_priority_masked
 .text.gpio_remove_raw_irq_handler_masked
                0x00000000100013b8       0x20 CMakeFiles/wifi_test.dir/home/osugiw/pico/pico-sdk/src/rp2_common/hardware_gpio/gpio.c.obj
                0x00000000100013b8                gpio_remove_raw_irq_handler_masked
 .text.gpio_init
                0x00000000100013d8       0x3c CMakeFiles/wifi_test.dir/home/osugiw/pico/pico-sdk/src/rp2_common/hardware_gpio/gpio.c.obj
                0x00000000100013d8                gpio_init
 .text.irq_set_enabled
                0x0000000010001414       0x24 CMakeFiles/wifi_test.dir/home/osugiw/pico/pico-sdk/src/rp2_common/hardware_irq/irq.c.obj
                0x0000000010001414                irq_set_enabled
 .text.irq_set_pending
                0x0000000010001438       0x10 CMakeFiles/wifi_test.dir/home/osugiw/pico/pico-sdk/src/rp2_common/hardware_irq/irq.c.obj
                0x0000000010001438                irq_set_pending
 .text.irq_has_shared_handler
                0x0000000010001448       0x2c CMakeFiles/wifi_test.dir/home/osugiw/pico/pico-sdk/src/rp2_common/hardware_irq/irq.c.obj
                0x0000000010001448                irq_has_shared_handler
 .text.irq_get_vtable_handler
                0x0000000010001474       0x10 CMakeFiles/wifi_test.dir/home/osugiw/pico/pico-sdk/src/rp2_common/hardware_irq/irq.c.obj
                0x0000000010001474                irq_get_vtable_handler
 .text.irq_set_exclusive_handler
                0x0000000010001484       0x54 CMakeFiles/wifi_test.dir/home/osugiw/pico/pico-sdk/src/rp2_common/hardware_irq/irq.c.obj
                0x0000000010001484                irq_set_exclusive_handler
 .text.irq_add_shared_handler
                0x00000000100014d8      0x1e8 CMakeFiles/wifi_test.dir/home/osugiw/pico/pico-sdk/src/rp2_common/hardware_irq/irq.c.obj
                0x00000000100014d8                irq_add_shared_handler
 .text.irq_remove_handler
                0x00000000100016c0      0x1b0 CMakeFiles/wifi_test.dir/home/osugiw/pico/pico-sdk/src/rp2_common/hardware_irq/irq.c.obj
                0x00000000100016c0                irq_remove_handler
 .text.irq_set_priority
                0x0000000010001870       0x28 CMakeFiles/wifi_test.dir/home/osugiw/pico/pico-sdk/src/rp2_common/hardware_irq/irq.c.obj
                0x0000000010001870                irq_set_priority
 .text.irq_add_tail_to_free_list
                0x0000000010001898       0xb4 CMakeFiles/wifi_test.dir/home/osugiw/pico/pico-sdk/src/rp2_common/hardware_irq/irq.c.obj
                0x0000000010001898                irq_add_tail_to_free_list
 .text.irq_init_priorities
                0x000000001000194c       0x24 CMakeFiles/wifi_test.dir/home/osugiw/pico/pico-sdk/src/rp2_common/hardware_irq/irq.c.obj
                0x000000001000194c                irq_init_priorities
 .text.user_irq_unclaim
                0x0000000010001970       0x14 CMakeFiles/wifi_test.dir/home/osugiw/pico/pico-sdk/src/rp2_common/hardware_irq/irq.c.obj
                0x0000000010001970                user_irq_unclaim
 .text.user_irq_claim_unused
                0x0000000010001984       0x28 CMakeFiles/wifi_test.dir/home/osugiw/pico/pico-sdk/src/rp2_common/hardware_irq/irq.c.obj
                0x0000000010001984                user_irq_claim_unused
 .text.sem_init
                0x00000000100019ac       0x20 CMakeFiles/wifi_test.dir/home/osugiw/pico/pico-sdk/src/common/pico_sync/sem.c.obj
                0x00000000100019ac                sem_init
 .text.lock_init
                0x00000000100019cc       0x10 CMakeFiles/wifi_test.dir/home/osugiw/pico/pico-sdk/src/common/pico_sync/lock_core.c.obj
                0x00000000100019cc                lock_init
 .text.mutex_init
                0x00000000100019dc       0x1c CMakeFiles/wifi_test.dir/home/osugiw/pico/pico-sdk/src/common/pico_sync/mutex.c.obj
                0x00000000100019dc                mutex_init
 .text.recursive_mutex_init
                0x00000000100019f8       0x1c CMakeFiles/wifi_test.dir/home/osugiw/pico/pico-sdk/src/common/pico_sync/mutex.c.obj
                0x00000000100019f8                recursive_mutex_init
 .text.critical_section_init
                0x0000000010001a14       0x20 CMakeFiles/wifi_test.dir/home/osugiw/pico/pico-sdk/src/common/pico_sync/critical_section.c.obj
                0x0000000010001a14                critical_section_init
 .text.critical_section_init_with_lock_num
                0x0000000010001a34       0x14 CMakeFiles/wifi_test.dir/home/osugiw/pico/pico-sdk/src/common/pico_sync/critical_section.c.obj
                0x0000000010001a34                critical_section_init_with_lock_num
 .text.timer_pool_entry_comparator
                0x0000000010001a48       0x34 CMakeFiles/wifi_test.dir/home/osugiw/pico/pico-sdk/src/common/pico_time/time.c.obj
                0x0000000010001a48                timer_pool_entry_comparator
 .text.sleep_until_callback
                0x0000000010001a7c       0x30 CMakeFiles/wifi_test.dir/home/osugiw/pico/pico-sdk/src/common/pico_time/time.c.obj
 .text.add_alarm_under_lock.isra.0
                0x0000000010001aac      0x100 CMakeFiles/wifi_test.dir/home/osugiw/pico/pico-sdk/src/common/pico_time/time.c.obj
 .text.alarm_pool_alarm_callback
                0x0000000010001bac      0x1bc CMakeFiles/wifi_test.dir/home/osugiw/pico/pico-sdk/src/common/pico_time/time.c.obj
 .text.alarm_pool_init_default
                0x0000000010001d68       0x6c CMakeFiles/wifi_test.dir/home/osugiw/pico/pico-sdk/src/common/pico_time/time.c.obj
                0x0000000010001d68                alarm_pool_init_default
 .text.alarm_pool_get_default
                0x0000000010001dd4        0x8 CMakeFiles/wifi_test.dir/home/osugiw/pico/pico-sdk/src/common/pico_time/time.c.obj
                0x0000000010001dd4                alarm_pool_get_default
 .text.alarm_pool_add_alarm_at
                0x0000000010001ddc      0x178 CMakeFiles/wifi_test.dir/home/osugiw/pico/pico-sdk/src/common/pico_time/time.c.obj
                0x0000000010001ddc                alarm_pool_add_alarm_at
 .text.alarm_pool_cancel_alarm
                0x0000000010001f54       0x78 CMakeFiles/wifi_test.dir/home/osugiw/pico/pico-sdk/src/common/pico_time/time.c.obj
                0x0000000010001f54                alarm_pool_cancel_alarm
 .text.alarm_pool_core_num
                0x0000000010001fcc        0x4 CMakeFiles/wifi_test.dir/home/osugiw/pico/pico-sdk/src/common/pico_time/time.c.obj
                0x0000000010001fcc                alarm_pool_core_num
 .text.sleep_until
                0x0000000010001fd0       0xc4 CMakeFiles/wifi_test.dir/home/osugiw/pico/pico-sdk/src/common/pico_time/time.c.obj
                0x0000000010001fd0                sleep_until
 .text.sleep_ms
                0x0000000010002094       0x34 CMakeFiles/wifi_test.dir/home/osugiw/pico/pico-sdk/src/common/pico_time/time.c.obj
                0x0000000010002094                sleep_ms
 .text.best_effort_wfe_or_timeout
                0x00000000100020c8       0xd4 CMakeFiles/wifi_test.dir/home/osugiw/pico/pico-sdk/src/common/pico_time/time.c.obj
                0x00000000100020c8                best_effort_wfe_or_timeout
 .text.hardware_alarm_irq_handler
                0x000000001000219c       0xbc CMakeFiles/wifi_test.dir/home/osugiw/pico/pico-sdk/src/rp2_common/hardware_timer/timer.c.obj
 .text.hardware_alarm_claim
                0x0000000010002258       0x18 CMakeFiles/wifi_test.dir/home/osugiw/pico/pico-sdk/src/rp2_common/hardware_timer/timer.c.obj
                0x0000000010002258                hardware_alarm_claim
 .text.time_us_64
                0x0000000010002270       0x14 CMakeFiles/wifi_test.dir/home/osugiw/pico/pico-sdk/src/rp2_common/hardware_timer/timer.c.obj
                0x0000000010002270                time_us_64
 .text.busy_wait_us
                0x0000000010002284       0x54 CMakeFiles/wifi_test.dir/home/osugiw/pico/pico-sdk/src/rp2_common/hardware_timer/timer.c.obj
                0x0000000010002284                busy_wait_us
 .text.busy_wait_until
                0x00000000100022d8       0x20 CMakeFiles/wifi_test.dir/home/osugiw/pico/pico-sdk/src/rp2_common/hardware_timer/timer.c.obj
                0x00000000100022d8                busy_wait_until
 .text.hardware_alarm_set_callback
                0x00000000100022f8       0x8c CMakeFiles/wifi_test.dir/home/osugiw/pico/pico-sdk/src/rp2_common/hardware_timer/timer.c.obj
                0x00000000100022f8                hardware_alarm_set_callback
 .text.hardware_alarm_set_target
                0x0000000010002384       0xd4 CMakeFiles/wifi_test.dir/home/osugiw/pico/pico-sdk/src/rp2_common/hardware_timer/timer.c.obj
                0x0000000010002384                hardware_alarm_set_target
 .text.hardware_alarm_cancel
                0x0000000010002458       0x3c CMakeFiles/wifi_test.dir/home/osugiw/pico/pico-sdk/src/rp2_common/hardware_timer/timer.c.obj
                0x0000000010002458                hardware_alarm_cancel
 .text.ph_merge_nodes
                0x0000000010002494       0x68 CMakeFiles/wifi_test.dir/home/osugiw/pico/pico-sdk/src/common/pico_util/pheap.c.obj
 .text.ph_post_alloc_init
                0x00000000100024fc       0x3c CMakeFiles/wifi_test.dir/home/osugiw/pico/pico-sdk/src/common/pico_util/pheap.c.obj
                0x00000000100024fc                ph_post_alloc_init
 .text.ph_merge_two_pass
                0x0000000010002538       0x90 CMakeFiles/wifi_test.dir/home/osugiw/pico/pico-sdk/src/common/pico_util/pheap.c.obj
                0x0000000010002538                ph_merge_two_pass
 .text.ph_remove_any_head
                0x00000000100025c8      0x100 CMakeFiles/wifi_test.dir/home/osugiw/pico/pico-sdk/src/common/pico_util/pheap.c.obj
 .text.ph_remove_head
                0x00000000100026c8      0x104 CMakeFiles/wifi_test.dir/home/osugiw/pico/pico-sdk/src/common/pico_util/pheap.c.obj
                0x00000000100026c8                ph_remove_head
 .text.ph_remove_and_free_node
                0x00000000100027cc       0x7c CMakeFiles/wifi_test.dir/home/osugiw/pico/pico-sdk/src/common/pico_util/pheap.c.obj
                0x00000000100027cc                ph_remove_and_free_node
 .text.pll_init
                0x0000000010002848       0xa0 CMakeFiles/wifi_test.dir/home/osugiw/pico/pico-sdk/src/rp2_common/hardware_pll/pll.c.obj
                0x0000000010002848                pll_init
 .text.watchdog_start_tick
                0x00000000100028e8       0x10 CMakeFiles/wifi_test.dir/home/osugiw/pico/pico-sdk/src/rp2_common/hardware_watchdog/watchdog.c.obj
                0x00000000100028e8                watchdog_start_tick
 .text.watchdog_reboot
                0x00000000100028f8       0x98 CMakeFiles/wifi_test.dir/home/osugiw/pico/pico-sdk/src/rp2_common/hardware_watchdog/watchdog.c.obj
                0x00000000100028f8                watchdog_reboot
 .text.xosc_init
                0x0000000010002990       0x28 CMakeFiles/wifi_test.dir/home/osugiw/pico/pico-sdk/src/rp2_common/hardware_xosc/xosc.c.obj
                0x0000000010002990                xosc_init
 .text.lwip_init
                0x00000000100029b8       0x24 CMakeFiles/wifi_test.dir/home/osugiw/pico/pico-sdk/lib/lwip/src/core/init.c.obj
                0x00000000100029b8                lwip_init
 .text.lwip_htons
                0x00000000100029dc        0x8 CMakeFiles/wifi_test.dir/home/osugiw/pico/pico-sdk/lib/lwip/src/core/def.c.obj
                0x00000000100029dc                lwip_htons
 .text.lwip_htonl
                0x00000000100029e4        0x4 CMakeFiles/wifi_test.dir/home/osugiw/pico/pico-sdk/lib/lwip/src/core/def.c.obj
                0x00000000100029e4                lwip_htonl
 .text.dns_call_found
                0x00000000100029e8      0x134 CMakeFiles/wifi_test.dir/home/osugiw/pico/pico-sdk/lib/lwip/src/core/dns.c.obj
 .text.dns_send.isra.0
                0x0000000010002b1c      0x168 CMakeFiles/wifi_test.dir/home/osugiw/pico/pico-sdk/lib/lwip/src/core/dns.c.obj
 .text.dns_init
                0x0000000010002c84        0x4 CMakeFiles/wifi_test.dir/home/osugiw/pico/pico-sdk/lib/lwip/src/core/dns.c.obj
                0x0000000010002c84                dns_init
 .text.dns_setserver
                0x0000000010002c88       0x2c CMakeFiles/wifi_test.dir/home/osugiw/pico/pico-sdk/lib/lwip/src/core/dns.c.obj
                0x0000000010002c88                dns_setserver
 .text.dns_tmr  0x0000000010002cb4      0x138 CMakeFiles/wifi_test.dir/home/osugiw/pico/pico-sdk/lib/lwip/src/core/dns.c.obj
                0x0000000010002cb4                dns_tmr
 .text.lwip_standard_chksum
                0x0000000010002dec       0xd8 CMakeFiles/wifi_test.dir/home/osugiw/pico/pico-sdk/lib/lwip/src/core/inet_chksum.c.obj
                0x0000000010002dec                lwip_standard_chksum
 .text.inet_chksum_pseudo
                0x0000000010002ec4       0xb4 CMakeFiles/wifi_test.dir/home/osugiw/pico/pico-sdk/lib/lwip/src/core/inet_chksum.c.obj
                0x0000000010002ec4                inet_chksum_pseudo
 .text.ip_chksum_pseudo
                0x0000000010002f78       0x10 CMakeFiles/wifi_test.dir/home/osugiw/pico/pico-sdk/lib/lwip/src/core/inet_chksum.c.obj
                0x0000000010002f78                ip_chksum_pseudo
 .text.inet_chksum
                0x0000000010002f88        0xc CMakeFiles/wifi_test.dir/home/osugiw/pico/pico-sdk/lib/lwip/src/core/inet_chksum.c.obj
                0x0000000010002f88                inet_chksum
 .text.inet_chksum_pbuf
                0x0000000010002f94       0x6c CMakeFiles/wifi_test.dir/home/osugiw/pico/pico-sdk/lib/lwip/src/core/inet_chksum.c.obj
                0x0000000010002f94                inet_chksum_pbuf
 .text.mem_init
                0x0000000010003000       0x40 CMakeFiles/wifi_test.dir/home/osugiw/pico/pico-sdk/lib/lwip/src/core/mem.c.obj
                0x0000000010003000                mem_init
 .text.mem_free
                0x0000000010003040      0x11c CMakeFiles/wifi_test.dir/home/osugiw/pico/pico-sdk/lib/lwip/src/core/mem.c.obj
                0x0000000010003040                mem_free
 .text.mem_trim
                0x000000001000315c      0x110 CMakeFiles/wifi_test.dir/home/osugiw/pico/pico-sdk/lib/lwip/src/core/mem.c.obj
                0x000000001000315c                mem_trim
 .text.mem_malloc
                0x000000001000326c      0x120 CMakeFiles/wifi_test.dir/home/osugiw/pico/pico-sdk/lib/lwip/src/core/mem.c.obj
                0x000000001000326c                mem_malloc
 .text.memp_init
                0x000000001000338c       0x6c CMakeFiles/wifi_test.dir/home/osugiw/pico/pico-sdk/lib/lwip/src/core/memp.c.obj
                0x000000001000338c                memp_init
 .text.memp_malloc
                0x00000000100033f8       0x3c CMakeFiles/wifi_test.dir/home/osugiw/pico/pico-sdk/lib/lwip/src/core/memp.c.obj
                0x00000000100033f8                memp_malloc
 .text.memp_free
                0x0000000010003434       0x38 CMakeFiles/wifi_test.dir/home/osugiw/pico/pico-sdk/lib/lwip/src/core/memp.c.obj
                0x0000000010003434                memp_free
 .text.netif_null_output_ip4
                0x000000001000346c        0x8 CMakeFiles/wifi_test.dir/home/osugiw/pico/pico-sdk/lib/lwip/src/core/netif.c.obj
 .text.netif_do_set_ipaddr.isra.0
                0x0000000010003474       0x70 CMakeFiles/wifi_test.dir/home/osugiw/pico/pico-sdk/lib/lwip/src/core/netif.c.obj
 .text.netif_init
                0x00000000100034e4        0x4 CMakeFiles/wifi_test.dir/home/osugiw/pico/pico-sdk/lib/lwip/src/core/netif.c.obj
                0x00000000100034e4                netif_init
 .text.netif_add
                0x00000000100034e8      0x144 CMakeFiles/wifi_test.dir/home/osugiw/pico/pico-sdk/lib/lwip/src/core/netif.c.obj
                0x00000000100034e8                netif_add
 .text.netif_set_addr
                0x000000001000362c       0xb8 CMakeFiles/wifi_test.dir/home/osugiw/pico/pico-sdk/lib/lwip/src/core/netif.c.obj
                0x000000001000362c                netif_set_addr
 .text.netif_remove
                0x00000000100036e4       0x94 CMakeFiles/wifi_test.dir/home/osugiw/pico/pico-sdk/lib/lwip/src/core/netif.c.obj
                0x00000000100036e4                netif_remove
 .text.netif_set_default
                0x0000000010003778        0xc CMakeFiles/wifi_test.dir/home/osugiw/pico/pico-sdk/lib/lwip/src/core/netif.c.obj
                0x0000000010003778                netif_set_default
 .text.netif_set_up
                0x0000000010003784       0x40 CMakeFiles/wifi_test.dir/home/osugiw/pico/pico-sdk/lib/lwip/src/core/netif.c.obj
                0x0000000010003784                netif_set_up
 .text.netif_set_link_up
                0x00000000100037c4       0x44 CMakeFiles/wifi_test.dir/home/osugiw/pico/pico-sdk/lib/lwip/src/core/netif.c.obj
                0x00000000100037c4                netif_set_link_up
 .text.netif_set_link_down
                0x0000000010003808       0x20 CMakeFiles/wifi_test.dir/home/osugiw/pico/pico-sdk/lib/lwip/src/core/netif.c.obj
                0x0000000010003808                netif_set_link_down
 .text.netif_get_by_index
                0x0000000010003828       0x2c CMakeFiles/wifi_test.dir/home/osugiw/pico/pico-sdk/lib/lwip/src/core/netif.c.obj
                0x0000000010003828                netif_get_by_index
 .text.pbuf_free.part.0
                0x0000000010003854       0x7c CMakeFiles/wifi_test.dir/home/osugiw/pico/pico-sdk/lib/lwip/src/core/pbuf.c.obj
 .text.pbuf_free_ooseq
                0x00000000100038d0       0x34 CMakeFiles/wifi_test.dir/home/osugiw/pico/pico-sdk/lib/lwip/src/core/pbuf.c.obj
                0x00000000100038d0                pbuf_free_ooseq
 .text.pbuf_alloc
                0x0000000010003904      0x130 CMakeFiles/wifi_test.dir/home/osugiw/pico/pico-sdk/lib/lwip/src/core/pbuf.c.obj
                0x0000000010003904                pbuf_alloc
 .text.pbuf_realloc
                0x0000000010003a34       0x88 CMakeFiles/wifi_test.dir/home/osugiw/pico/pico-sdk/lib/lwip/src/core/pbuf.c.obj
                0x0000000010003a34                pbuf_realloc
 .text.pbuf_add_header
                0x0000000010003abc       0x54 CMakeFiles/wifi_test.dir/home/osugiw/pico/pico-sdk/lib/lwip/src/core/pbuf.c.obj
                0x0000000010003abc                pbuf_add_header
 .text.pbuf_remove_header
                0x0000000010003b10       0x44 CMakeFiles/wifi_test.dir/home/osugiw/pico/pico-sdk/lib/lwip/src/core/pbuf.c.obj
                0x0000000010003b10                pbuf_remove_header
 .text.pbuf_header_force
                0x0000000010003b54       0x74 CMakeFiles/wifi_test.dir/home/osugiw/pico/pico-sdk/lib/lwip/src/core/pbuf.c.obj
                0x0000000010003b54                pbuf_header_force
 .text.pbuf_free
                0x0000000010003bc8       0x18 CMakeFiles/wifi_test.dir/home/osugiw/pico/pico-sdk/lib/lwip/src/core/pbuf.c.obj
                0x0000000010003bc8                pbuf_free
 .text.pbuf_clen
                0x0000000010003be0       0x14 CMakeFiles/wifi_test.dir/home/osugiw/pico/pico-sdk/lib/lwip/src/core/pbuf.c.obj
                0x0000000010003be0                pbuf_clen
 .text.pbuf_ref
                0x0000000010003bf4       0x28 CMakeFiles/wifi_test.dir/home/osugiw/pico/pico-sdk/lib/lwip/src/core/pbuf.c.obj
                0x0000000010003bf4                pbuf_ref
 .text.pbuf_cat
                0x0000000010003c1c       0x3c CMakeFiles/wifi_test.dir/home/osugiw/pico/pico-sdk/lib/lwip/src/core/pbuf.c.obj
                0x0000000010003c1c                pbuf_cat
 .text.pbuf_chain
                0x0000000010003c58       0x64 CMakeFiles/wifi_test.dir/home/osugiw/pico/pico-sdk/lib/lwip/src/core/pbuf.c.obj
                0x0000000010003c58                pbuf_chain
 .text.pbuf_copy_partial_pbuf
                0x0000000010003cbc      0x13c CMakeFiles/wifi_test.dir/home/osugiw/pico/pico-sdk/lib/lwip/src/core/pbuf.c.obj
                0x0000000010003cbc                pbuf_copy_partial_pbuf
 .text.pbuf_copy
                0x0000000010003df8       0x18 CMakeFiles/wifi_test.dir/home/osugiw/pico/pico-sdk/lib/lwip/src/core/pbuf.c.obj
                0x0000000010003df8                pbuf_copy
 .text.pbuf_copy_partial
                0x0000000010003e10       0x70 CMakeFiles/wifi_test.dir/home/osugiw/pico/pico-sdk/lib/lwip/src/core/pbuf.c.obj
                0x0000000010003e10                pbuf_copy_partial
 .text.pbuf_take
                0x0000000010003e80       0x78 CMakeFiles/wifi_test.dir/home/osugiw/pico/pico-sdk/lib/lwip/src/core/pbuf.c.obj
                0x0000000010003e80                pbuf_take
 .text.pbuf_take_at
                0x0000000010003ef8       0xc0 CMakeFiles/wifi_test.dir/home/osugiw/pico/pico-sdk/lib/lwip/src/core/pbuf.c.obj
                0x0000000010003ef8                pbuf_take_at
 .text.pbuf_clone
                0x0000000010003fb8       0x30 CMakeFiles/wifi_test.dir/home/osugiw/pico/pico-sdk/lib/lwip/src/core/pbuf.c.obj
                0x0000000010003fb8                pbuf_clone
 .text.pbuf_put_at
                0x0000000010003fe8       0x1c CMakeFiles/wifi_test.dir/home/osugiw/pico/pico-sdk/lib/lwip/src/core/pbuf.c.obj
                0x0000000010003fe8                pbuf_put_at
 .text.raw_input
                0x0000000010004004       0xf0 CMakeFiles/wifi_test.dir/home/osugiw/pico/pico-sdk/lib/lwip/src/core/raw.c.obj
                0x0000000010004004                raw_input
 .text.raw_netif_ip_addr_changed
                0x00000000100040f4       0x40 CMakeFiles/wifi_test.dir/home/osugiw/pico/pico-sdk/lib/lwip/src/core/raw.c.obj
                0x00000000100040f4                raw_netif_ip_addr_changed
 .text.stats_init
                0x0000000010004134        0x4 CMakeFiles/wifi_test.dir/home/osugiw/pico/pico-sdk/lib/lwip/src/core/stats.c.obj
                0x0000000010004134                stats_init
 .text.tcp_close_shutdown_fin
                0x0000000010004138       0x58 CMakeFiles/wifi_test.dir/home/osugiw/pico/pico-sdk/lib/lwip/src/core/tcp.c.obj
 .text.tcp_pcb_purge.part.0
                0x0000000010004190       0xc4 CMakeFiles/wifi_test.dir/home/osugiw/pico/pico-sdk/lib/lwip/src/core/tcp.c.obj
 .text.tcp_init
                0x0000000010004254       0x20 CMakeFiles/wifi_test.dir/home/osugiw/pico/pico-sdk/lib/lwip/src/core/tcp.c.obj
                0x0000000010004254                tcp_init
 .text.tcp_free
                0x0000000010004274       0x1c CMakeFiles/wifi_test.dir/home/osugiw/pico/pico-sdk/lib/lwip/src/core/tcp.c.obj
                0x0000000010004274                tcp_free
 .text.tcp_update_rcv_ann_wnd
                0x0000000010004290       0x60 CMakeFiles/wifi_test.dir/home/osugiw/pico/pico-sdk/lib/lwip/src/core/tcp.c.obj
                0x0000000010004290                tcp_update_rcv_ann_wnd
 .text.tcp_recved
                0x00000000100042f0       0x98 CMakeFiles/wifi_test.dir/home/osugiw/pico/pico-sdk/lib/lwip/src/core/tcp.c.obj
                0x00000000100042f0                tcp_recved
 .text.tcp_slowtmr
                0x0000000010004388      0x4dc CMakeFiles/wifi_test.dir/home/osugiw/pico/pico-sdk/lib/lwip/src/core/tcp.c.obj
                0x0000000010004388                tcp_slowtmr
 .text.tcp_segs_free
                0x0000000010004864       0x38 CMakeFiles/wifi_test.dir/home/osugiw/pico/pico-sdk/lib/lwip/src/core/tcp.c.obj
                0x0000000010004864                tcp_segs_free
 .text.tcp_seg_free
                0x000000001000489c       0x1c CMakeFiles/wifi_test.dir/home/osugiw/pico/pico-sdk/lib/lwip/src/core/tcp.c.obj
                0x000000001000489c                tcp_seg_free
 .text.tcp_seg_copy
                0x00000000100048b8       0x2c CMakeFiles/wifi_test.dir/home/osugiw/pico/pico-sdk/lib/lwip/src/core/tcp.c.obj
                0x00000000100048b8                tcp_seg_copy
 .text.tcp_pcb_purge
                0x00000000100048e4       0x18 CMakeFiles/wifi_test.dir/home/osugiw/pico/pico-sdk/lib/lwip/src/core/tcp.c.obj
                0x00000000100048e4                tcp_pcb_purge
 .text.tcp_pcb_remove
                0x00000000100048fc       0xc8 CMakeFiles/wifi_test.dir/home/osugiw/pico/pico-sdk/lib/lwip/src/core/tcp.c.obj
                0x00000000100048fc                tcp_pcb_remove
 .text.tcp_abandon
                0x00000000100049c4      0x1ac CMakeFiles/wifi_test.dir/home/osugiw/pico/pico-sdk/lib/lwip/src/core/tcp.c.obj
                0x00000000100049c4                tcp_abandon
 .text.tcp_abort
                0x0000000010004b70        0xc CMakeFiles/wifi_test.dir/home/osugiw/pico/pico-sdk/lib/lwip/src/core/tcp.c.obj
                0x0000000010004b70                tcp_abort
 .text.tcp_alloc
                0x0000000010004b7c      0x1cc CMakeFiles/wifi_test.dir/home/osugiw/pico/pico-sdk/lib/lwip/src/core/tcp.c.obj
                0x0000000010004b7c                tcp_alloc
 .text.tcp_close_shutdown
                0x0000000010004d48      0x18c CMakeFiles/wifi_test.dir/home/osugiw/pico/pico-sdk/lib/lwip/src/core/tcp.c.obj
 .text.tcp_recv_null
                0x0000000010004ed4       0xd4 CMakeFiles/wifi_test.dir/home/osugiw/pico/pico-sdk/lib/lwip/src/core/tcp.c.obj
                0x0000000010004ed4                tcp_recv_null
 .text.tcp_process_refused_data
                0x0000000010004fa8       0x78 CMakeFiles/wifi_test.dir/home/osugiw/pico/pico-sdk/lib/lwip/src/core/tcp.c.obj
                0x0000000010004fa8                tcp_process_refused_data
 .text.tcp_fasttmr
                0x0000000010005020       0x98 CMakeFiles/wifi_test.dir/home/osugiw/pico/pico-sdk/lib/lwip/src/core/tcp.c.obj
                0x0000000010005020                tcp_fasttmr
 .text.tcp_tmr  0x00000000100050b8       0x20 CMakeFiles/wifi_test.dir/home/osugiw/pico/pico-sdk/lib/lwip/src/core/tcp.c.obj
                0x00000000100050b8                tcp_tmr
 .text.tcp_next_iss
                0x00000000100050d8       0x28 CMakeFiles/wifi_test.dir/home/osugiw/pico/pico-sdk/lib/lwip/src/core/tcp.c.obj
                0x00000000100050d8                tcp_next_iss
 .text.tcp_eff_send_mss_netif
                0x0000000010005100       0x38 CMakeFiles/wifi_test.dir/home/osugiw/pico/pico-sdk/lib/lwip/src/core/tcp.c.obj
                0x0000000010005100                tcp_eff_send_mss_netif
 .text.tcp_netif_ip_addr_changed
                0x0000000010005138       0x9c CMakeFiles/wifi_test.dir/home/osugiw/pico/pico-sdk/lib/lwip/src/core/tcp.c.obj
                0x0000000010005138                tcp_netif_ip_addr_changed
 .text.tcp_free_ooseq
                0x00000000100051d4       0x40 CMakeFiles/wifi_test.dir/home/osugiw/pico/pico-sdk/lib/lwip/src/core/tcp.c.obj
                0x00000000100051d4                tcp_free_ooseq
 .text.tcp_parseopt
                0x0000000010005214      0x190 CMakeFiles/wifi_test.dir/home/osugiw/pico/pico-sdk/lib/lwip/src/core/tcp_in.c.obj
 .text.tcp_oos_insert_segment
                0x00000000100053a4       0xe0 CMakeFiles/wifi_test.dir/home/osugiw/pico/pico-sdk/lib/lwip/src/core/tcp_in.c.obj
 .text.tcp_free_acked_segments.constprop.0
                0x0000000010005484       0xdc CMakeFiles/wifi_test.dir/home/osugiw/pico/pico-sdk/lib/lwip/src/core/tcp_in.c.obj
 .text.tcp_receive
                0x0000000010005560      0xa4c CMakeFiles/wifi_test.dir/home/osugiw/pico/pico-sdk/lib/lwip/src/core/tcp_in.c.obj
 .text.tcp_input
                0x0000000010005fac      0xda4 CMakeFiles/wifi_test.dir/home/osugiw/pico/pico-sdk/lib/lwip/src/core/tcp_in.c.obj
                0x0000000010005fac                tcp_input
 .text.tcp_trigger_input_pcb_close
                0x0000000010006d50       0x10 CMakeFiles/wifi_test.dir/home/osugiw/pico/pico-sdk/lib/lwip/src/core/tcp_in.c.obj
                0x0000000010006d50                tcp_trigger_input_pcb_close
 .text.tcp_create_segment
                0x0000000010006d60       0xf8 CMakeFiles/wifi_test.dir/home/osugiw/pico/pico-sdk/lib/lwip/src/core/tcp_out.c.obj
 .text.tcp_output_control_segment
                0x0000000010006e58       0xc0 CMakeFiles/wifi_test.dir/home/osugiw/pico/pico-sdk/lib/lwip/src/core/tcp_out.c.obj
 .text.tcp_output_alloc_header.constprop.0
                0x0000000010006f18       0xcc CMakeFiles/wifi_test.dir/home/osugiw/pico/pico-sdk/lib/lwip/src/core/tcp_out.c.obj
 .text.tcp_split_unsent_seg
                0x0000000010006fe4      0x1c4 CMakeFiles/wifi_test.dir/home/osugiw/pico/pico-sdk/lib/lwip/src/core/tcp_out.c.obj
                0x0000000010006fe4                tcp_split_unsent_seg
 .text.tcp_send_fin
                0x00000000100071a8      0x12c CMakeFiles/wifi_test.dir/home/osugiw/pico/pico-sdk/lib/lwip/src/core/tcp_out.c.obj
                0x00000000100071a8                tcp_send_fin
 .text.tcp_enqueue_flags
                0x00000000100072d4      0x124 CMakeFiles/wifi_test.dir/home/osugiw/pico/pico-sdk/lib/lwip/src/core/tcp_out.c.obj
                0x00000000100072d4                tcp_enqueue_flags
 .text.tcp_rexmit_rto_prepare
                0x00000000100073f8       0x9c CMakeFiles/wifi_test.dir/home/osugiw/pico/pico-sdk/lib/lwip/src/core/tcp_out.c.obj
                0x00000000100073f8                tcp_rexmit_rto_prepare
 .text.tcp_rexmit
                0x0000000010007494       0x9c CMakeFiles/wifi_test.dir/home/osugiw/pico/pico-sdk/lib/lwip/src/core/tcp_out.c.obj
                0x0000000010007494                tcp_rexmit
 .text.tcp_rexmit_fast
                0x0000000010007530       0x64 CMakeFiles/wifi_test.dir/home/osugiw/pico/pico-sdk/lib/lwip/src/core/tcp_out.c.obj
                0x0000000010007530                tcp_rexmit_fast
 .text.tcp_rst  0x0000000010007594       0xe8 CMakeFiles/wifi_test.dir/home/osugiw/pico/pico-sdk/lib/lwip/src/core/tcp_out.c.obj
                0x0000000010007594                tcp_rst
 .text.tcp_rst_netif
                0x000000001000767c      0x130 CMakeFiles/wifi_test.dir/home/osugiw/pico/pico-sdk/lib/lwip/src/core/tcp_out.c.obj
                0x000000001000767c                tcp_rst_netif
 .text.tcp_send_empty_ack
                0x00000000100077ac       0x54 CMakeFiles/wifi_test.dir/home/osugiw/pico/pico-sdk/lib/lwip/src/core/tcp_out.c.obj
                0x00000000100077ac                tcp_send_empty_ack
 .text.tcp_output
                0x0000000010007800      0x46c CMakeFiles/wifi_test.dir/home/osugiw/pico/pico-sdk/lib/lwip/src/core/tcp_out.c.obj
                0x0000000010007800                tcp_output
 .text.tcp_rexmit_rto_commit
                0x0000000010007c6c       0x24 CMakeFiles/wifi_test.dir/home/osugiw/pico/pico-sdk/lib/lwip/src/core/tcp_out.c.obj
                0x0000000010007c6c                tcp_rexmit_rto_commit
 .text.tcp_rexmit_rto
                0x0000000010007c90       0xa4 CMakeFiles/wifi_test.dir/home/osugiw/pico/pico-sdk/lib/lwip/src/core/tcp_out.c.obj
                0x0000000010007c90                tcp_rexmit_rto
 .text.tcp_keepalive
                0x0000000010007d34       0xe0 CMakeFiles/wifi_test.dir/home/osugiw/pico/pico-sdk/lib/lwip/src/core/tcp_out.c.obj
                0x0000000010007d34                tcp_keepalive
 .text.tcp_zero_window_probe
                0x0000000010007e14      0x108 CMakeFiles/wifi_test.dir/home/osugiw/pico/pico-sdk/lib/lwip/src/core/tcp_out.c.obj
                0x0000000010007e14                tcp_zero_window_probe
 .text.sys_timeout_abs
                0x0000000010007f1c       0x48 CMakeFiles/wifi_test.dir/home/osugiw/pico/pico-sdk/lib/lwip/src/core/timeouts.c.obj
 .text.lwip_cyclic_timer
                0x0000000010007f64       0x38 CMakeFiles/wifi_test.dir/home/osugiw/pico/pico-sdk/lib/lwip/src/core/timeouts.c.obj
 .text.tcpip_tcp_timer
                0x0000000010007f9c       0x3c CMakeFiles/wifi_test.dir/home/osugiw/pico/pico-sdk/lib/lwip/src/core/timeouts.c.obj
 .text.tcp_timer_needed
                0x0000000010007fd8       0x40 CMakeFiles/wifi_test.dir/home/osugiw/pico/pico-sdk/lib/lwip/src/core/timeouts.c.obj
                0x0000000010007fd8                tcp_timer_needed
 .text.sys_timeouts_init
                0x0000000010008018       0x90 CMakeFiles/wifi_test.dir/home/osugiw/pico/pico-sdk/lib/lwip/src/core/timeouts.c.obj
                0x0000000010008018                sys_timeouts_init
 .text.sys_check_timeouts
                0x00000000100080a8       0x68 CMakeFiles/wifi_test.dir/home/osugiw/pico/pico-sdk/lib/lwip/src/core/timeouts.c.obj
                0x00000000100080a8                sys_check_timeouts
 .text.sys_timeouts_sleeptime
                0x0000000010008110       0x28 CMakeFiles/wifi_test.dir/home/osugiw/pico/pico-sdk/lib/lwip/src/core/timeouts.c.obj
                0x0000000010008110                sys_timeouts_sleeptime
 .text.udp_init
                0x0000000010008138       0x20 CMakeFiles/wifi_test.dir/home/osugiw/pico/pico-sdk/lib/lwip/src/core/udp.c.obj
                0x0000000010008138                udp_init
 .text.udp_input
                0x0000000010008158      0x24c CMakeFiles/wifi_test.dir/home/osugiw/pico/pico-sdk/lib/lwip/src/core/udp.c.obj
                0x0000000010008158                udp_input
 .text.udp_bind
                0x00000000100083a4      0x10c CMakeFiles/wifi_test.dir/home/osugiw/pico/pico-sdk/lib/lwip/src/core/udp.c.obj
                0x00000000100083a4                udp_bind
 .text.udp_sendto_if_src
                0x00000000100084b0      0x130 CMakeFiles/wifi_test.dir/home/osugiw/pico/pico-sdk/lib/lwip/src/core/udp.c.obj
                0x00000000100084b0                udp_sendto_if_src
 .text.udp_sendto_if
                0x00000000100085e0       0x48 CMakeFiles/wifi_test.dir/home/osugiw/pico/pico-sdk/lib/lwip/src/core/udp.c.obj
                0x00000000100085e0                udp_sendto_if
 .text.udp_sendto
                0x0000000010008628       0x7c CMakeFiles/wifi_test.dir/home/osugiw/pico/pico-sdk/lib/lwip/src/core/udp.c.obj
                0x0000000010008628                udp_sendto
 .text.udp_connect
                0x00000000100086a4       0x64 CMakeFiles/wifi_test.dir/home/osugiw/pico/pico-sdk/lib/lwip/src/core/udp.c.obj
                0x00000000100086a4                udp_connect
 .text.udp_recv
                0x0000000010008708        0xc CMakeFiles/wifi_test.dir/home/osugiw/pico/pico-sdk/lib/lwip/src/core/udp.c.obj
                0x0000000010008708                udp_recv
 .text.udp_remove
                0x0000000010008714       0x3c CMakeFiles/wifi_test.dir/home/osugiw/pico/pico-sdk/lib/lwip/src/core/udp.c.obj
                0x0000000010008714                udp_remove
 .text.udp_new  0x0000000010008750       0x1c CMakeFiles/wifi_test.dir/home/osugiw/pico/pico-sdk/lib/lwip/src/core/udp.c.obj
                0x0000000010008750                udp_new
 .text.udp_netif_ip_addr_changed
                0x000000001000876c       0x40 CMakeFiles/wifi_test.dir/home/osugiw/pico/pico-sdk/lib/lwip/src/core/udp.c.obj
                0x000000001000876c                udp_netif_ip_addr_changed
 .text.dhcp_create_msg
                0x00000000100087ac      0x16c CMakeFiles/wifi_test.dir/home/osugiw/pico/pico-sdk/lib/lwip/src/core/ipv4/dhcp.c.obj
 .text.dhcp_inc_pcb_refcount
                0x0000000010008918       0x6c CMakeFiles/wifi_test.dir/home/osugiw/pico/pico-sdk/lib/lwip/src/core/ipv4/dhcp.c.obj
 .text.dhcp_bind
                0x0000000010008984      0x140 CMakeFiles/wifi_test.dir/home/osugiw/pico/pico-sdk/lib/lwip/src/core/ipv4/dhcp.c.obj
 .text.dhcp_option_hostname.isra.0
                0x0000000010008ac4       0x8c CMakeFiles/wifi_test.dir/home/osugiw/pico/pico-sdk/lib/lwip/src/core/ipv4/dhcp.c.obj
 .text.dhcp_handle_ack.isra.0
                0x0000000010008b50       0xcc CMakeFiles/wifi_test.dir/home/osugiw/pico/pico-sdk/lib/lwip/src/core/ipv4/dhcp.c.obj
 .text.dhcp_reboot.isra.0
                0x0000000010008c1c      0x1e4 CMakeFiles/wifi_test.dir/home/osugiw/pico/pico-sdk/lib/lwip/src/core/ipv4/dhcp.c.obj
 .text.dhcp_discover
                0x0000000010008e00      0x198 CMakeFiles/wifi_test.dir/home/osugiw/pico/pico-sdk/lib/lwip/src/core/ipv4/dhcp.c.obj
 .text.dhcp_select.isra.0
                0x0000000010008f98      0x268 CMakeFiles/wifi_test.dir/home/osugiw/pico/pico-sdk/lib/lwip/src/core/ipv4/dhcp.c.obj
 .text.dhcp_recv
                0x0000000010009200      0x494 CMakeFiles/wifi_test.dir/home/osugiw/pico/pico-sdk/lib/lwip/src/core/ipv4/dhcp.c.obj
 .text.dhcp_set_struct
                0x0000000010009694       0x44 CMakeFiles/wifi_test.dir/home/osugiw/pico/pico-sdk/lib/lwip/src/core/ipv4/dhcp.c.obj
                0x0000000010009694                dhcp_set_struct
 .text.dhcp_network_changed_link_up
                0x00000000100096d8       0x40 CMakeFiles/wifi_test.dir/home/osugiw/pico/pico-sdk/lib/lwip/src/core/ipv4/dhcp.c.obj
                0x00000000100096d8                dhcp_network_changed_link_up
 .text.dhcp_renew
                0x0000000010009718      0x1b8 CMakeFiles/wifi_test.dir/home/osugiw/pico/pico-sdk/lib/lwip/src/core/ipv4/dhcp.c.obj
                0x0000000010009718                dhcp_renew
 .text.dhcp_release_and_stop
                0x00000000100098d0      0x180 CMakeFiles/wifi_test.dir/home/osugiw/pico/pico-sdk/lib/lwip/src/core/ipv4/dhcp.c.obj
                0x00000000100098d0                dhcp_release_and_stop
 .text.dhcp_start
                0x0000000010009a50       0xb0 CMakeFiles/wifi_test.dir/home/osugiw/pico/pico-sdk/lib/lwip/src/core/ipv4/dhcp.c.obj
                0x0000000010009a50                dhcp_start
 .text.dhcp_coarse_tmr
                0x0000000010009b00      0x238 CMakeFiles/wifi_test.dir/home/osugiw/pico/pico-sdk/lib/lwip/src/core/ipv4/dhcp.c.obj
                0x0000000010009b00                dhcp_coarse_tmr
 .text.dhcp_fine_tmr
                0x0000000010009d38       0x78 CMakeFiles/wifi_test.dir/home/osugiw/pico/pico-sdk/lib/lwip/src/core/ipv4/dhcp.c.obj
                0x0000000010009d38                dhcp_fine_tmr
 .text.dhcp_stop
                0x0000000010009db0      0x180 CMakeFiles/wifi_test.dir/home/osugiw/pico/pico-sdk/lib/lwip/src/core/ipv4/dhcp.c.obj
                0x0000000010009db0                dhcp_stop
 .text.etharp_find_entry
                0x0000000010009f30     0x1fbc CMakeFiles/wifi_test.dir/home/osugiw/pico/pico-sdk/lib/lwip/src/core/ipv4/etharp.c.obj
 .text.etharp_raw
                0x000000001000beec       0xec CMakeFiles/wifi_test.dir/home/osugiw/pico/pico-sdk/lib/lwip/src/core/ipv4/etharp.c.obj
 .text.etharp_output_to_arp_index
                0x000000001000bfd8       0xe4 CMakeFiles/wifi_test.dir/home/osugiw/pico/pico-sdk/lib/lwip/src/core/ipv4/etharp.c.obj
 .text.etharp_tmr
                0x000000001000c0bc       0x94 CMakeFiles/wifi_test.dir/home/osugiw/pico/pico-sdk/lib/lwip/src/core/ipv4/etharp.c.obj
                0x000000001000c0bc                etharp_tmr
 .text.etharp_cleanup_netif
                0x000000001000c150      0x188 CMakeFiles/wifi_test.dir/home/osugiw/pico/pico-sdk/lib/lwip/src/core/ipv4/etharp.c.obj
                0x000000001000c150                etharp_cleanup_netif
 .text.etharp_input
                0x000000001000c2d8      0x1b0 CMakeFiles/wifi_test.dir/home/osugiw/pico/pico-sdk/lib/lwip/src/core/ipv4/etharp.c.obj
                0x000000001000c2d8                etharp_input
 .text.etharp_query
                0x000000001000c488      0x1c0 CMakeFiles/wifi_test.dir/home/osugiw/pico/pico-sdk/lib/lwip/src/core/ipv4/etharp.c.obj
                0x000000001000c488                etharp_query
 .text.etharp_output
                0x000000001000c648      0x24c CMakeFiles/wifi_test.dir/home/osugiw/pico/pico-sdk/lib/lwip/src/core/ipv4/etharp.c.obj
                0x000000001000c648                etharp_output
 .text.etharp_request
                0x000000001000c894       0x2c CMakeFiles/wifi_test.dir/home/osugiw/pico/pico-sdk/lib/lwip/src/core/ipv4/etharp.c.obj
                0x000000001000c894                etharp_request
 .text.icmp_input
                0x000000001000c8c0      0x1e8 CMakeFiles/wifi_test.dir/home/osugiw/pico/pico-sdk/lib/lwip/src/core/ipv4/icmp.c.obj
                0x000000001000c8c0                icmp_input
 .text.icmp_dest_unreach
                0x000000001000caa8       0xd0 CMakeFiles/wifi_test.dir/home/osugiw/pico/pico-sdk/lib/lwip/src/core/ipv4/icmp.c.obj
                0x000000001000caa8                icmp_dest_unreach
 .text.icmp_time_exceeded
                0x000000001000cb78       0xd0 CMakeFiles/wifi_test.dir/home/osugiw/pico/pico-sdk/lib/lwip/src/core/ipv4/icmp.c.obj
                0x000000001000cb78                icmp_time_exceeded
 .text.ip_reass_free_complete_datagram
                0x000000001000cc48      0x114 CMakeFiles/wifi_test.dir/home/osugiw/pico/pico-sdk/lib/lwip/src/core/ipv4/ip4_frag.c.obj
 .text.ip_reass_remove_oldest_datagram
                0x000000001000cd5c       0xd8 CMakeFiles/wifi_test.dir/home/osugiw/pico/pico-sdk/lib/lwip/src/core/ipv4/ip4_frag.c.obj
 .text.ip_reass_tmr
                0x000000001000ce34       0x38 CMakeFiles/wifi_test.dir/home/osugiw/pico/pico-sdk/lib/lwip/src/core/ipv4/ip4_frag.c.obj
                0x000000001000ce34                ip_reass_tmr
 .text.ip4_reass
                0x000000001000ce6c      0x534 CMakeFiles/wifi_test.dir/home/osugiw/pico/pico-sdk/lib/lwip/src/core/ipv4/ip4_frag.c.obj
                0x000000001000ce6c                ip4_reass
 .text.ip4_frag
                0x000000001000d3a0      0x17c CMakeFiles/wifi_test.dir/home/osugiw/pico/pico-sdk/lib/lwip/src/core/ipv4/ip4_frag.c.obj
                0x000000001000d3a0                ip4_frag
 .text.ip4_route
                0x000000001000d51c       0x7c CMakeFiles/wifi_test.dir/home/osugiw/pico/pico-sdk/lib/lwip/src/core/ipv4/ip4.c.obj
                0x000000001000d51c                ip4_route
 .text.ip4_input
                0x000000001000d598      0x2cc CMakeFiles/wifi_test.dir/home/osugiw/pico/pico-sdk/lib/lwip/src/core/ipv4/ip4.c.obj
                0x000000001000d598                ip4_input
 .text.ip4_output_if
                0x000000001000d864      0x190 CMakeFiles/wifi_test.dir/home/osugiw/pico/pico-sdk/lib/lwip/src/core/ipv4/ip4.c.obj
                0x000000001000d864                ip4_output_if
 .text.ip4_output_if_src
                0x000000001000d9f4      0x17c CMakeFiles/wifi_test.dir/home/osugiw/pico/pico-sdk/lib/lwip/src/core/ipv4/ip4.c.obj
                0x000000001000d9f4                ip4_output_if_src
 .text.ip4_addr_isbroadcast_u32
                0x000000001000db70       0x3c CMakeFiles/wifi_test.dir/home/osugiw/pico/pico-sdk/lib/lwip/src/core/ipv4/ip4_addr.c.obj
                0x000000001000db70                ip4_addr_isbroadcast_u32
 .text.ethernet_input
                0x000000001000dbac       0xd0 CMakeFiles/wifi_test.dir/home/osugiw/pico/pico-sdk/lib/lwip/src/netif/ethernet.c.obj
                0x000000001000dbac                ethernet_input
 .text.ethernet_output
                0x000000001000dc7c       0x6c CMakeFiles/wifi_test.dir/home/osugiw/pico/pico-sdk/lib/lwip/src/netif/ethernet.c.obj
                0x000000001000dc7c                ethernet_output
 .text.cyw43_arch_wifi_connect_bssid_until.part.0
                0x000000001000dce8       0xd8 CMakeFiles/wifi_test.dir/home/osugiw/pico/pico-sdk/src/rp2_common/pico_cyw43_arch/cyw43_arch.c.obj
 .text.cyw43_arch_set_async_context
                0x000000001000ddc0        0xc CMakeFiles/wifi_test.dir/home/osugiw/pico/pico-sdk/src/rp2_common/pico_cyw43_arch/cyw43_arch.c.obj
                0x000000001000ddc0                cyw43_arch_set_async_context
 .text.cyw43_arch_enable_sta_mode
                0x000000001000ddcc       0x1c CMakeFiles/wifi_test.dir/home/osugiw/pico/pico-sdk/src/rp2_common/pico_cyw43_arch/cyw43_arch.c.obj
                0x000000001000ddcc                cyw43_arch_enable_sta_mode
 .text.cyw43_arch_wifi_connect_timeout_ms
                0x000000001000dde8       0x9c CMakeFiles/wifi_test.dir/home/osugiw/pico/pico-sdk/src/rp2_common/pico_cyw43_arch/cyw43_arch.c.obj
                0x000000001000dde8                cyw43_arch_wifi_connect_timeout_ms
 .text.cyw43_arch_init_with_country
                0x000000001000de84       0x10 CMakeFiles/wifi_test.dir/home/osugiw/pico/pico-sdk/src/rp2_common/pico_cyw43_arch/cyw43_arch.c.obj
                0x000000001000de84                cyw43_arch_init_with_country
 .text.cyw43_arch_async_context
                0x000000001000de94        0xc CMakeFiles/wifi_test.dir/home/osugiw/pico/pico-sdk/src/rp2_common/pico_cyw43_arch/cyw43_arch.c.obj
                0x000000001000de94                cyw43_arch_async_context
 .text.cyw43_arch_init
                0x000000001000dea0       0x80 CMakeFiles/wifi_test.dir/home/osugiw/pico/pico-sdk/src/rp2_common/pico_cyw43_arch/cyw43_arch_threadsafe_background.c.obj
                0x000000001000dea0                cyw43_arch_init
 .text.ns_delay.constprop.0
                0x000000001000df20       0x20 CMakeFiles/wifi_test.dir/home/osugiw/pico/pico-sdk/src/rp2_common/pico_cyw43_driver/cyw43_bus_pio_spi.c.obj
 .text.cyw43_spi_deinit
                0x000000001000df40       0x7c CMakeFiles/wifi_test.dir/home/osugiw/pico/pico-sdk/src/rp2_common/pico_cyw43_driver/cyw43_bus_pio_spi.c.obj
                0x000000001000df40                cyw43_spi_deinit
 .text.cyw43_spi_init
                0x000000001000dfbc      0x154 CMakeFiles/wifi_test.dir/home/osugiw/pico/pico-sdk/src/rp2_common/pico_cyw43_driver/cyw43_bus_pio_spi.c.obj
                0x000000001000dfbc                cyw43_spi_init
 .text.cyw43_spi_transfer
                0x000000001000e110      0x430 CMakeFiles/wifi_test.dir/home/osugiw/pico/pico-sdk/src/rp2_common/pico_cyw43_driver/cyw43_bus_pio_spi.c.obj
                0x000000001000e110                cyw43_spi_transfer
 .text.cyw43_spi_gpio_setup
                0x000000001000e540       0x3c CMakeFiles/wifi_test.dir/home/osugiw/pico/pico-sdk/src/rp2_common/pico_cyw43_driver/cyw43_bus_pio_spi.c.obj
                0x000000001000e540                cyw43_spi_gpio_setup
 .text.cyw43_spi_reset
                0x000000001000e57c       0x28 CMakeFiles/wifi_test.dir/home/osugiw/pico/pico-sdk/src/rp2_common/pico_cyw43_driver/cyw43_bus_pio_spi.c.obj
                0x000000001000e57c                cyw43_spi_reset
 .text.read_reg_u32_swap
                0x000000001000e5a4       0x3c CMakeFiles/wifi_test.dir/home/osugiw/pico/pico-sdk/src/rp2_common/pico_cyw43_driver/cyw43_bus_pio_spi.c.obj
                0x000000001000e5a4                read_reg_u32_swap
 .text.cyw43_read_reg_u32
                0x000000001000e5e0       0x6c CMakeFiles/wifi_test.dir/home/osugiw/pico/pico-sdk/src/rp2_common/pico_cyw43_driver/cyw43_bus_pio_spi.c.obj
                0x000000001000e5e0                cyw43_read_reg_u32
 .text.cyw43_read_reg_u16
                0x000000001000e64c       0x6c CMakeFiles/wifi_test.dir/home/osugiw/pico/pico-sdk/src/rp2_common/pico_cyw43_driver/cyw43_bus_pio_spi.c.obj
                0x000000001000e64c                cyw43_read_reg_u16
 .text.cyw43_read_reg_u8
                0x000000001000e6b8       0x6c CMakeFiles/wifi_test.dir/home/osugiw/pico/pico-sdk/src/rp2_common/pico_cyw43_driver/cyw43_bus_pio_spi.c.obj
                0x000000001000e6b8                cyw43_read_reg_u8
 .text.write_reg_u32_swap
                0x000000001000e724      0x1e0 CMakeFiles/wifi_test.dir/home/osugiw/pico/pico-sdk/src/rp2_common/pico_cyw43_driver/cyw43_bus_pio_spi.c.obj
                0x000000001000e724                write_reg_u32_swap
 .text.cyw43_write_reg_u32
                0x000000001000e904      0x200 CMakeFiles/wifi_test.dir/home/osugiw/pico/pico-sdk/src/rp2_common/pico_cyw43_driver/cyw43_bus_pio_spi.c.obj
                0x000000001000e904                cyw43_write_reg_u32
 .text.cyw43_write_reg_u16
                0x000000001000eb04      0x200 CMakeFiles/wifi_test.dir/home/osugiw/pico/pico-sdk/src/rp2_common/pico_cyw43_driver/cyw43_bus_pio_spi.c.obj
                0x000000001000eb04                cyw43_write_reg_u16
 .text.cyw43_write_reg_u8
                0x000000001000ed04      0x200 CMakeFiles/wifi_test.dir/home/osugiw/pico/pico-sdk/src/rp2_common/pico_cyw43_driver/cyw43_bus_pio_spi.c.obj
                0x000000001000ed04                cyw43_write_reg_u8
 .text.cyw43_read_bytes
                0x000000001000ef04       0x78 CMakeFiles/wifi_test.dir/home/osugiw/pico/pico-sdk/src/rp2_common/pico_cyw43_driver/cyw43_bus_pio_spi.c.obj
                0x000000001000ef04                cyw43_read_bytes
 .text.cyw43_write_bytes
                0x000000001000ef7c       0xec CMakeFiles/wifi_test.dir/home/osugiw/pico/pico-sdk/src/rp2_common/pico_cyw43_driver/cyw43_bus_pio_spi.c.obj
                0x000000001000ef7c                cyw43_write_bytes
 .text.cyw43_set_backplane_window
                0x000000001000f068       0x64 CMakeFiles/wifi_test.dir/home/osugiw/pico/pico-sdk/lib/cyw43-driver/src/cyw43_ll.c.obj
 .text.cyw43_ll_parse_async_event
                0x000000001000f0cc      0x13c CMakeFiles/wifi_test.dir/home/osugiw/pico/pico-sdk/lib/cyw43-driver/src/cyw43_ll.c.obj
 .text.cyw43_kso_set
                0x000000001000f208       0xa0 CMakeFiles/wifi_test.dir/home/osugiw/pico/pico-sdk/lib/cyw43-driver/src/cyw43_ll.c.obj
 .text.cyw43_ll_sdpcm_poll_device
                0x000000001000f2a8      0x238 CMakeFiles/wifi_test.dir/home/osugiw/pico/pico-sdk/lib/cyw43-driver/src/cyw43_ll.c.obj
 .text.cyw43_sdpcm_send_common
                0x000000001000f4e0       0xf0 CMakeFiles/wifi_test.dir/home/osugiw/pico/pico-sdk/lib/cyw43-driver/src/cyw43_ll.c.obj
 .text.cyw43_do_ioctl
                0x000000001000f5d0      0x110 CMakeFiles/wifi_test.dir/home/osugiw/pico/pico-sdk/lib/cyw43-driver/src/cyw43_ll.c.obj
 .text.cyw43_do_ioctl.constprop.0
                0x000000001000f6e0      0x108 CMakeFiles/wifi_test.dir/home/osugiw/pico/pico-sdk/lib/cyw43-driver/src/cyw43_ll.c.obj
 .text.cyw43_read_backplane.constprop.0
                0x000000001000f7e8       0xdc CMakeFiles/wifi_test.dir/home/osugiw/pico/pico-sdk/lib/cyw43-driver/src/cyw43_ll.c.obj
 .text.reset_device_core.constprop.0
                0x000000001000f8c4      0x3f0 CMakeFiles/wifi_test.dir/home/osugiw/pico/pico-sdk/lib/cyw43-driver/src/cyw43_ll.c.obj
 .text.cyw43_ll_init
                0x000000001000fcb4       0x1c CMakeFiles/wifi_test.dir/home/osugiw/pico/pico-sdk/lib/cyw43-driver/src/cyw43_ll.c.obj
                0x000000001000fcb4                cyw43_ll_init
 .text.cyw43_ll_deinit
                0x000000001000fcd0        0x8 CMakeFiles/wifi_test.dir/home/osugiw/pico/pico-sdk/lib/cyw43-driver/src/cyw43_ll.c.obj
                0x000000001000fcd0                cyw43_ll_deinit
 .text.cyw43_ll_send_ethernet
                0x000000001000fcd8       0x60 CMakeFiles/wifi_test.dir/home/osugiw/pico/pico-sdk/lib/cyw43-driver/src/cyw43_ll.c.obj
                0x000000001000fcd8                cyw43_ll_send_ethernet
 .text.cyw43_ll_process_packets
                0x000000001000fd38       0x54 CMakeFiles/wifi_test.dir/home/osugiw/pico/pico-sdk/lib/cyw43-driver/src/cyw43_ll.c.obj
                0x000000001000fd38                cyw43_ll_process_packets
 .text.cyw43_ll_ioctl
                0x000000001000fd8c       0x20 CMakeFiles/wifi_test.dir/home/osugiw/pico/pico-sdk/lib/cyw43-driver/src/cyw43_ll.c.obj
                0x000000001000fd8c                cyw43_ll_ioctl
 .text.cyw43_ll_bus_sleep
                0x000000001000fdac       0x34 CMakeFiles/wifi_test.dir/home/osugiw/pico/pico-sdk/lib/cyw43-driver/src/cyw43_ll.c.obj
                0x000000001000fdac                cyw43_ll_bus_sleep
 .text.cyw43_ll_bus_init
                0x000000001000fde0      0xbf0 CMakeFiles/wifi_test.dir/home/osugiw/pico/pico-sdk/lib/cyw43-driver/src/cyw43_ll.c.obj
                0x000000001000fde0                cyw43_ll_bus_init
 .text.cyw43_ll_wifi_on
                0x00000000100109d0      0x240 CMakeFiles/wifi_test.dir/home/osugiw/pico/pico-sdk/lib/cyw43-driver/src/cyw43_ll.c.obj
                0x00000000100109d0                cyw43_ll_wifi_on
 .text.cyw43_ll_wifi_get_mac
                0x0000000010010c10       0x44 CMakeFiles/wifi_test.dir/home/osugiw/pico/pico-sdk/lib/cyw43-driver/src/cyw43_ll.c.obj
                0x0000000010010c10                cyw43_ll_wifi_get_mac
 .text.cyw43_ll_wifi_pm
                0x0000000010010c54      0x194 CMakeFiles/wifi_test.dir/home/osugiw/pico/pico-sdk/lib/cyw43-driver/src/cyw43_ll.c.obj
                0x0000000010010c54                cyw43_ll_wifi_pm
 .text.cyw43_ll_wifi_join
                0x0000000010010de8      0x310 CMakeFiles/wifi_test.dir/home/osugiw/pico/pico-sdk/lib/cyw43-driver/src/cyw43_ll.c.obj
                0x0000000010010de8                cyw43_ll_wifi_join
 .text.cyw43_ll_wifi_set_wpa_auth
                0x00000000100110f8       0x2c CMakeFiles/wifi_test.dir/home/osugiw/pico/pico-sdk/lib/cyw43-driver/src/cyw43_ll.c.obj
                0x00000000100110f8                cyw43_ll_wifi_set_wpa_auth
 .text.cyw43_ll_wifi_rejoin
                0x0000000010011124       0x1c CMakeFiles/wifi_test.dir/home/osugiw/pico/pico-sdk/lib/cyw43-driver/src/cyw43_ll.c.obj
                0x0000000010011124                cyw43_ll_wifi_rejoin
 .text.cyw43_ll_wifi_ap_init
                0x0000000010011140      0x2c4 CMakeFiles/wifi_test.dir/home/osugiw/pico/pico-sdk/lib/cyw43-driver/src/cyw43_ll.c.obj
                0x0000000010011140                cyw43_ll_wifi_ap_init
 .text.cyw43_ll_wifi_ap_set_up
                0x0000000010011404       0x54 CMakeFiles/wifi_test.dir/home/osugiw/pico/pico-sdk/lib/cyw43-driver/src/cyw43_ll.c.obj
                0x0000000010011404                cyw43_ll_wifi_ap_set_up
 .text.cyw43_ll_has_work
                0x0000000010011458       0x14 CMakeFiles/wifi_test.dir/home/osugiw/pico/pico-sdk/lib/cyw43-driver/src/cyw43_ll.c.obj
                0x0000000010011458                cyw43_ll_has_work
 .text.cyw43_netif_init
                0x000000001001146c       0x3c CMakeFiles/wifi_test.dir/home/osugiw/pico/pico-sdk/lib/cyw43-driver/src/cyw43_lwip.c.obj
 .text.cyw43_netif_output
                0x00000000100114a8       0x34 CMakeFiles/wifi_test.dir/home/osugiw/pico/pico-sdk/lib/cyw43-driver/src/cyw43_lwip.c.obj
 .text.cyw43_cb_tcpip_init
                0x00000000100114dc       0xfc CMakeFiles/wifi_test.dir/home/osugiw/pico/pico-sdk/lib/cyw43-driver/src/cyw43_lwip.c.obj
                0x00000000100114dc                cyw43_cb_tcpip_init
 .text.cyw43_cb_tcpip_deinit
                0x00000000100115d8       0x4c CMakeFiles/wifi_test.dir/home/osugiw/pico/pico-sdk/lib/cyw43-driver/src/cyw43_lwip.c.obj
                0x00000000100115d8                cyw43_cb_tcpip_deinit
 .text.cyw43_cb_process_ethernet
                0x0000000010011624       0x68 CMakeFiles/wifi_test.dir/home/osugiw/pico/pico-sdk/lib/cyw43-driver/src/cyw43_lwip.c.obj
                0x0000000010011624                cyw43_cb_process_ethernet
 .text.cyw43_cb_tcpip_set_link_up
                0x000000001001168c       0x18 CMakeFiles/wifi_test.dir/home/osugiw/pico/pico-sdk/lib/cyw43-driver/src/cyw43_lwip.c.obj
                0x000000001001168c                cyw43_cb_tcpip_set_link_up
 .text.cyw43_cb_tcpip_set_link_down
                0x00000000100116a4       0x18 CMakeFiles/wifi_test.dir/home/osugiw/pico/pico-sdk/lib/cyw43-driver/src/cyw43_lwip.c.obj
                0x00000000100116a4                cyw43_cb_tcpip_set_link_down
 .text.cyw43_tcpip_link_status
                0x00000000100116bc       0x34 CMakeFiles/wifi_test.dir/home/osugiw/pico/pico-sdk/lib/cyw43-driver/src/cyw43_lwip.c.obj
                0x00000000100116bc                cyw43_tcpip_link_status
 .text.cyw43_poll_func
                0x00000000100116f0       0xc0 CMakeFiles/wifi_test.dir/home/osugiw/pico/pico-sdk/lib/cyw43-driver/src/cyw43_ctrl.c.obj
 .text.cyw43_init
                0x00000000100117b0       0x6c CMakeFiles/wifi_test.dir/home/osugiw/pico/pico-sdk/lib/cyw43-driver/src/cyw43_ctrl.c.obj
                0x00000000100117b0                cyw43_init
 .text.cyw43_deinit
                0x000000001001181c       0x90 CMakeFiles/wifi_test.dir/home/osugiw/pico/pico-sdk/lib/cyw43-driver/src/cyw43_ctrl.c.obj
                0x000000001001181c                cyw43_deinit
 .text.cyw43_cb_read_host_interrupt_pin
                0x00000000100118ac        0xc CMakeFiles/wifi_test.dir/home/osugiw/pico/pico-sdk/lib/cyw43-driver/src/cyw43_ctrl.c.obj
                0x00000000100118ac                cyw43_cb_read_host_interrupt_pin
 .text.cyw43_cb_ensure_awake
                0x00000000100118b8        0xc CMakeFiles/wifi_test.dir/home/osugiw/pico/pico-sdk/lib/cyw43-driver/src/cyw43_ctrl.c.obj
                0x00000000100118b8                cyw43_cb_ensure_awake
 .text.cyw43_cb_process_async_event
                0x00000000100118c4      0x228 CMakeFiles/wifi_test.dir/home/osugiw/pico/pico-sdk/lib/cyw43-driver/src/cyw43_ctrl.c.obj
                0x00000000100118c4                cyw43_cb_process_async_event
 .text.cyw43_send_ethernet
                0x0000000010011aec       0xc0 CMakeFiles/wifi_test.dir/home/osugiw/pico/pico-sdk/lib/cyw43-driver/src/cyw43_ctrl.c.obj
                0x0000000010011aec                cyw43_send_ethernet
 .text.cyw43_wifi_get_mac
                0x0000000010011bac       0x10 CMakeFiles/wifi_test.dir/home/osugiw/pico/pico-sdk/lib/cyw43-driver/src/cyw43_ctrl.c.obj
                0x0000000010011bac                cyw43_wifi_get_mac
 .text.cyw43_wifi_set_up
                0x0000000010011bbc      0x308 CMakeFiles/wifi_test.dir/home/osugiw/pico/pico-sdk/lib/cyw43-driver/src/cyw43_ctrl.c.obj
                0x0000000010011bbc                cyw43_wifi_set_up
 .text.cyw43_wifi_link_status
                0x0000000010011ec4       0x3c CMakeFiles/wifi_test.dir/home/osugiw/pico/pico-sdk/lib/cyw43-driver/src/cyw43_ctrl.c.obj
                0x0000000010011ec4                cyw43_wifi_link_status
 .text.cyw43_wifi_join
                0x0000000010011f00       0xf4 CMakeFiles/wifi_test.dir/home/osugiw/pico/pico-sdk/lib/cyw43-driver/src/cyw43_ctrl.c.obj
                0x0000000010011f00                cyw43_wifi_join
 .text.pio_sm_unclaim
                0x0000000010011ff4       0x20 CMakeFiles/wifi_test.dir/home/osugiw/pico/pico-sdk/src/rp2_common/hardware_pio/pio.c.obj
                0x0000000010011ff4                pio_sm_unclaim
 .text.pio_claim_unused_sm
                0x0000000010012014       0x3c CMakeFiles/wifi_test.dir/home/osugiw/pico/pico-sdk/src/rp2_common/hardware_pio/pio.c.obj
                0x0000000010012014                pio_claim_unused_sm
 .text.pio_can_add_program
                0x0000000010012050       0x68 CMakeFiles/wifi_test.dir/home/osugiw/pico/pico-sdk/src/rp2_common/hardware_pio/pio.c.obj
                0x0000000010012050                pio_can_add_program
 .text.pio_add_program
                0x00000000100120b8       0xc8 CMakeFiles/wifi_test.dir/home/osugiw/pico/pico-sdk/src/rp2_common/hardware_pio/pio.c.obj
                0x00000000100120b8                pio_add_program
 .text.pio_remove_program
                0x0000000010012180       0x34 CMakeFiles/wifi_test.dir/home/osugiw/pico/pico-sdk/src/rp2_common/hardware_pio/pio.c.obj
                0x0000000010012180                pio_remove_program
 .text.pio_sm_set_pindirs_with_mask
                0x00000000100121b4       0xa4 CMakeFiles/wifi_test.dir/home/osugiw/pico/pico-sdk/src/rp2_common/hardware_pio/pio.c.obj
                0x00000000100121b4                pio_sm_set_pindirs_with_mask
 .text.pio_sm_set_consecutive_pindirs
                0x0000000010012258       0xb0 CMakeFiles/wifi_test.dir/home/osugiw/pico/pico-sdk/src/rp2_common/hardware_pio/pio.c.obj
                0x0000000010012258                pio_sm_set_consecutive_pindirs
 .text.dma_channel_unclaim
                0x0000000010012308       0x10 CMakeFiles/wifi_test.dir/home/osugiw/pico/pico-sdk/src/rp2_common/hardware_dma/dma.c.obj
                0x0000000010012308                dma_channel_unclaim
 .text.dma_claim_unused_channel
                0x0000000010012318       0x20 CMakeFiles/wifi_test.dir/home/osugiw/pico/pico-sdk/src/rp2_common/hardware_dma/dma.c.obj
                0x0000000010012318                dma_claim_unused_channel
 .text.dma_channel_cleanup
                0x0000000010012338       0x60 CMakeFiles/wifi_test.dir/home/osugiw/pico/pico-sdk/src/rp2_common/hardware_dma/dma.c.obj
                0x0000000010012338                dma_channel_cleanup
 .text.cyw43_sleep_timeout_reached
                0x0000000010012398       0x10 CMakeFiles/wifi_test.dir/home/osugiw/pico/pico-sdk/src/rp2_common/pico_cyw43_driver/cyw43_driver.c.obj
 .text.cyw43_irq_init
                0x00000000100123a8       0x28 CMakeFiles/wifi_test.dir/home/osugiw/pico/pico-sdk/src/rp2_common/pico_cyw43_driver/cyw43_driver.c.obj
                0x00000000100123a8                cyw43_irq_init
 .text.cyw43_irq_deinit
                0x00000000100123d0       0x20 CMakeFiles/wifi_test.dir/home/osugiw/pico/pico-sdk/src/rp2_common/pico_cyw43_driver/cyw43_driver.c.obj
                0x00000000100123d0                cyw43_irq_deinit
 .text.cyw43_gpio_irq_handler
                0x00000000100123f0       0x44 CMakeFiles/wifi_test.dir/home/osugiw/pico/pico-sdk/src/rp2_common/pico_cyw43_driver/cyw43_driver.c.obj
 .text.cyw43_do_poll
                0x0000000010012434       0x6c CMakeFiles/wifi_test.dir/home/osugiw/pico/pico-sdk/src/rp2_common/pico_cyw43_driver/cyw43_driver.c.obj
 .text.cyw43_post_poll_hook
                0x00000000100124a0       0x10 CMakeFiles/wifi_test.dir/home/osugiw/pico/pico-sdk/src/rp2_common/pico_cyw43_driver/cyw43_driver.c.obj
                0x00000000100124a0                cyw43_post_poll_hook
 .text.cyw43_schedule_internal_poll_dispatch
                0x00000000100124b0       0x18 CMakeFiles/wifi_test.dir/home/osugiw/pico/pico-sdk/src/rp2_common/pico_cyw43_driver/cyw43_driver.c.obj
                0x00000000100124b0                cyw43_schedule_internal_poll_dispatch
 .text.cyw43_driver_init
                0x00000000100124c8       0x38 CMakeFiles/wifi_test.dir/home/osugiw/pico/pico-sdk/src/rp2_common/pico_cyw43_driver/cyw43_driver.c.obj
                0x00000000100124c8                cyw43_driver_init
 .text.cyw43_driver_deinit
                0x0000000010012500       0x44 CMakeFiles/wifi_test.dir/home/osugiw/pico/pico-sdk/src/rp2_common/pico_cyw43_driver/cyw43_driver.c.obj
                0x0000000010012500                cyw43_driver_deinit
 .text.cyw43_hal_generate_laa_mac
                0x0000000010012544       0x28 CMakeFiles/wifi_test.dir/home/osugiw/pico/pico-sdk/src/rp2_common/pico_cyw43_driver/cyw43_driver.c.obj
                0x0000000010012544                cyw43_hal_generate_laa_mac
 .text.cyw43_hal_get_mac
                0x000000001001256c       0x1c CMakeFiles/wifi_test.dir/home/osugiw/pico/pico-sdk/src/rp2_common/pico_cyw43_driver/cyw43_driver.c.obj
                0x000000001001256c                cyw43_hal_get_mac
 .text.cyw43_thread_enter
                0x0000000010012588       0x14 CMakeFiles/wifi_test.dir/home/osugiw/pico/pico-sdk/src/rp2_common/pico_cyw43_driver/cyw43_driver.c.obj
                0x0000000010012588                cyw43_thread_enter
 .text.cyw43_thread_exit
                0x000000001001259c       0x14 CMakeFiles/wifi_test.dir/home/osugiw/pico/pico-sdk/src/rp2_common/pico_cyw43_driver/cyw43_driver.c.obj
                0x000000001001259c                cyw43_thread_exit
 .text.cyw43_await_background_or_timeout_us
                0x00000000100125b0       0x34 CMakeFiles/wifi_test.dir/home/osugiw/pico/pico-sdk/src/rp2_common/pico_cyw43_driver/cyw43_driver.c.obj
                0x00000000100125b0                cyw43_await_background_or_timeout_us
 .text.cyw43_delay_ms
                0x00000000100125e4       0x44 CMakeFiles/wifi_test.dir/home/osugiw/pico/pico-sdk/src/rp2_common/pico_cyw43_driver/cyw43_driver.c.obj
                0x00000000100125e4                cyw43_delay_ms
 .text.cyw43_delay_us
                0x0000000010012628       0x34 CMakeFiles/wifi_test.dir/home/osugiw/pico/pico-sdk/src/rp2_common/pico_cyw43_driver/cyw43_driver.c.obj
                0x0000000010012628                cyw43_delay_us
 .text.async_context_threadsafe_background_acquire_lock_blocking
                0x000000001001265c        0xc CMakeFiles/wifi_test.dir/home/osugiw/pico/pico-sdk/src/rp2_common/pico_async_context/async_context_threadsafe_background.c.obj
 .text.alarm_handler
                0x0000000010012668       0x20 CMakeFiles/wifi_test.dir/home/osugiw/pico/pico-sdk/src/rp2_common/pico_async_context/async_context_threadsafe_background.c.obj
 .text.async_context_threadsafe_background_set_work_pending
                0x0000000010012688       0x1c CMakeFiles/wifi_test.dir/home/osugiw/pico/pico-sdk/src/rp2_common/pico_async_context/async_context_threadsafe_background.c.obj
 .text.process_under_lock
                0x00000000100126a4       0xc8 CMakeFiles/wifi_test.dir/home/osugiw/pico/pico-sdk/src/rp2_common/pico_async_context/async_context_threadsafe_background.c.obj
 .text.async_context_threadsafe_background_execute_sync
                0x000000001001276c       0x30 CMakeFiles/wifi_test.dir/home/osugiw/pico/pico-sdk/src/rp2_common/pico_async_context/async_context_threadsafe_background.c.obj
                0x000000001001276c                async_context_threadsafe_background_execute_sync
 .text.async_context_threadsafe_background_deinit
                0x000000001001279c       0x54 CMakeFiles/wifi_test.dir/home/osugiw/pico/pico-sdk/src/rp2_common/pico_async_context/async_context_threadsafe_background.c.obj
 .text.low_priority_irq_handler
                0x00000000100127f0       0x3c CMakeFiles/wifi_test.dir/home/osugiw/pico/pico-sdk/src/rp2_common/pico_async_context/async_context_threadsafe_background.c.obj
 .text.async_context_threadsafe_background_wait_for_work_until
                0x000000001001282c        0xc CMakeFiles/wifi_test.dir/home/osugiw/pico/pico-sdk/src/rp2_common/pico_async_context/async_context_threadsafe_background.c.obj
 .text.async_context_threadsafe_background_wait_until
                0x0000000010012838       0x1c CMakeFiles/wifi_test.dir/home/osugiw/pico/pico-sdk/src/rp2_common/pico_async_context/async_context_threadsafe_background.c.obj
 .text.async_context_threadsafe_background_lock_check
                0x0000000010012854       0x28 CMakeFiles/wifi_test.dir/home/osugiw/pico/pico-sdk/src/rp2_common/pico_async_context/async_context_threadsafe_background.c.obj
 .text.async_context_threadsafe_background_release_lock
                0x000000001001287c       0x1c CMakeFiles/wifi_test.dir/home/osugiw/pico/pico-sdk/src/rp2_common/pico_async_context/async_context_threadsafe_background.c.obj
 .text.async_context_threadsafe_background_when_pending_worker
                0x0000000010012898       0x34 CMakeFiles/wifi_test.dir/home/osugiw/pico/pico-sdk/src/rp2_common/pico_async_context/async_context_threadsafe_background.c.obj
 .text.async_context_threadsafe_background_remove_at_time_worker
                0x00000000100128cc       0x34 CMakeFiles/wifi_test.dir/home/osugiw/pico/pico-sdk/src/rp2_common/pico_async_context/async_context_threadsafe_background.c.obj
 .text.async_context_threadsafe_background_add_when_pending_worker
                0x0000000010012900       0x34 CMakeFiles/wifi_test.dir/home/osugiw/pico/pico-sdk/src/rp2_common/pico_async_context/async_context_threadsafe_background.c.obj
 .text.async_context_threadsafe_background_add_at_time_worker
                0x0000000010012934       0x34 CMakeFiles/wifi_test.dir/home/osugiw/pico/pico-sdk/src/rp2_common/pico_async_context/async_context_threadsafe_background.c.obj
 .text.async_context_threadsafe_background_default_config
                0x0000000010012968        0xc CMakeFiles/wifi_test.dir/home/osugiw/pico/pico-sdk/src/rp2_common/pico_async_context/async_context_threadsafe_background.c.obj
                0x0000000010012968                async_context_threadsafe_background_default_config
 .text.async_context_threadsafe_background_init
                0x0000000010012974       0x8c CMakeFiles/wifi_test.dir/home/osugiw/pico/pico-sdk/src/rp2_common/pico_async_context/async_context_threadsafe_background.c.obj
                0x0000000010012974                async_context_threadsafe_background_init
 .text.uart_init
                0x0000000010012a00      0x188 CMakeFiles/wifi_test.dir/home/osugiw/pico/pico-sdk/src/rp2_common/hardware_uart/uart.c.obj
                0x0000000010012a00                uart_init
 .text.runtime_init
                0x0000000010012b88       0xf0 CMakeFiles/wifi_test.dir/home/osugiw/pico/pico-sdk/src/rp2_common/pico_runtime/runtime.c.obj
                0x0000000010012b88                runtime_init
 .text._exit    0x0000000010012c78        0x4 CMakeFiles/wifi_test.dir/home/osugiw/pico/pico-sdk/src/rp2_common/pico_runtime/runtime.c.obj
                0x0000000010012c78                _exit
 .text.exit     0x0000000010012c7c        0x8 CMakeFiles/wifi_test.dir/home/osugiw/pico/pico-sdk/src/rp2_common/pico_runtime/runtime.c.obj
                0x0000000010012c7c                exit
 .text.panic    0x0000000010012c84       0x30 CMakeFiles/wifi_test.dir/home/osugiw/pico/pico-sdk/src/rp2_common/pico_runtime/runtime.c.obj
                0x0000000010012c84                panic
 .text.hard_assertion_failure
                0x0000000010012cb4        0xc CMakeFiles/wifi_test.dir/home/osugiw/pico/pico-sdk/src/rp2_common/pico_runtime/runtime.c.obj
                0x0000000010012cb4                hard_assertion_failure
 .text._out_null
                0x0000000010012cc0        0x4 CMakeFiles/wifi_test.dir/home/osugiw/pico/pico-sdk/src/rp2_common/pico_printf/printf.c.obj
 .text._out_rev
                0x0000000010012cc4       0x9c CMakeFiles/wifi_test.dir/home/osugiw/pico/pico-sdk/src/rp2_common/pico_printf/printf.c.obj
 .text._ntoa_format
                0x0000000010012d60      0x1cc CMakeFiles/wifi_test.dir/home/osugiw/pico/pico-sdk/src/rp2_common/pico_printf/printf.c.obj
 .text._out_char
                0x0000000010012f2c       0x10 CMakeFiles/wifi_test.dir/home/osugiw/pico/pico-sdk/src/rp2_common/pico_printf/printf.c.obj
 .text._out_fct
                0x0000000010012f3c       0x10 CMakeFiles/wifi_test.dir/home/osugiw/pico/pico-sdk/src/rp2_common/pico_printf/printf.c.obj
 .text._etoa    0x0000000010012f4c      0x44c CMakeFiles/wifi_test.dir/home/osugiw/pico/pico-sdk/src/rp2_common/pico_printf/printf.c.obj
 .text._ftoa    0x0000000010013398      0x398 CMakeFiles/wifi_test.dir/home/osugiw/pico/pico-sdk/src/rp2_common/pico_printf/printf.c.obj
 .text._vsnprintf
                0x0000000010013730      0xb04 CMakeFiles/wifi_test.dir/home/osugiw/pico/pico-sdk/src/rp2_common/pico_printf/printf.c.obj
 .text.vfctprintf
                0x0000000010014234       0x20 CMakeFiles/wifi_test.dir/home/osugiw/pico/pico-sdk/src/rp2_common/pico_printf/printf.c.obj
                0x0000000010014234                vfctprintf
 .text.weak_raw_vprintf
                0x0000000010014254       0x30 CMakeFiles/wifi_test.dir/home/osugiw/pico/pico-sdk/src/rp2_common/pico_printf/printf.c.obj
                0x0000000010014254                weak_raw_vprintf
 .text          0x0000000010014284       0x10 CMakeFiles/wifi_test.dir/home/osugiw/pico/pico-sdk/src/rp2_common/pico_bit_ops/bit_ops_aeabi.S.obj
 .text.ctzsi    0x0000000010014294        0xc CMakeFiles/wifi_test.dir/home/osugiw/pico/pico-sdk/src/rp2_common/pico_bit_ops/bit_ops_aeabi.S.obj
                0x0000000010014294                __wrap___ctzsi2
 .text.__wrap___aeabi_idiv
                0x00000000100142a0       0x50 CMakeFiles/wifi_test.dir/home/osugiw/pico/pico-sdk/src/rp2_common/pico_divider/divider.S.obj
                0x00000000100142a0                __wrap___aeabi_idivmod
                0x00000000100142a0                divmod_s32s32
                0x00000000100142a0                div_s32s32
                0x00000000100142a0                __wrap___aeabi_idiv
                0x00000000100142a8                divmod_s32s32_unsafe
                0x00000000100142d4                divmod_s32s32_savestate
 .text.__wrap___aeabi_uidiv
                0x00000000100142f0       0x4c CMakeFiles/wifi_test.dir/home/osugiw/pico/pico-sdk/src/rp2_common/pico_divider/divider.S.obj
                0x00000000100142f0                __wrap___aeabi_uidiv
                0x00000000100142f0                __wrap___aeabi_uidivmod
                0x00000000100142f0                div_u32u32
                0x00000000100142f0                divmod_u32u32
                0x00000000100142f8                divmod_u32u32_unsafe
                0x0000000010014320                divmod_u32u32_savestate
 .text.__wrap___aeabi_ldiv
                0x000000001001433c      0x424 CMakeFiles/wifi_test.dir/home/osugiw/pico/pico-sdk/src/rp2_common/pico_divider/divider.S.obj
                0x000000001001433c                div_s64s64
                0x000000001001433c                divmod_s64s64
                0x000000001001433c                __wrap___aeabi_ldivmod
                0x000000001001436c                div_u64u64
                0x000000001001436c                divmod_u64u64
                0x000000001001436c                __wrap___aeabi_uldivmod
                0x000000001001437c                divmod_u64u64_savestate
                0x000000001001439c                divmod_s64s64_unsafe
                0x0000000010014424                divmod_u64u64_unsafe
 .text.__wrap___aeabi_darithmetic
                0x0000000010014760       0x60 CMakeFiles/wifi_test.dir/home/osugiw/pico/pico-sdk/src/rp2_common/pico_double/double_aeabi.S.obj
                0x0000000010014760                __wrap___aeabi_drsub
                0x0000000010014766                __wrap___aeabi_dsub
                0x0000000010014770                __wrap___aeabi_dadd
                0x000000001001477a                __wrap___aeabi_ddiv
                0x00000000100147ae                __wrap___aeabi_dmul
 .text.__wrap___aeabi_cdcmple
                0x00000000100147c0       0x6c CMakeFiles/wifi_test.dir/home/osugiw/pico/pico-sdk/src/rp2_common/pico_double/double_aeabi.S.obj
                0x00000000100147c0                __wrap___aeabi_cdrcmple
                0x00000000100147d0                __wrap___aeabi_cdcmple
                0x00000000100147d0                __wrap___aeabi_cdcmpeq
 .text.__wrap___aeabi_dcmplt
                0x000000001001482c        0xc CMakeFiles/wifi_test.dir/home/osugiw/pico/pico-sdk/src/rp2_common/pico_double/double_aeabi.S.obj
                0x000000001001482c                __wrap___aeabi_dcmplt
 .text.__wrap___aeabi_dcmple
                0x0000000010014838       0x10 CMakeFiles/wifi_test.dir/home/osugiw/pico/pico-sdk/src/rp2_common/pico_double/double_aeabi.S.obj
                0x0000000010014838                __wrap___aeabi_dcmple
 .text.__wrap___aeabi_dcmpge
                0x0000000010014848       0x10 CMakeFiles/wifi_test.dir/home/osugiw/pico/pico-sdk/src/rp2_common/pico_double/double_aeabi.S.obj
                0x0000000010014848                __wrap___aeabi_dcmpge
 .text.__wrap___aeabi_dcmpgt
                0x0000000010014858        0xa CMakeFiles/wifi_test.dir/home/osugiw/pico/pico-sdk/src/rp2_common/pico_double/double_aeabi.S.obj
                0x0000000010014858                __wrap___aeabi_dcmpgt
 .text.__wrap___aeabi_dcmpun
                0x0000000010014862       0x1c CMakeFiles/wifi_test.dir/home/osugiw/pico/pico-sdk/src/rp2_common/pico_double/double_aeabi.S.obj
                0x0000000010014862                __wrap___aeabi_dcmpun
 *fill*         0x000000001001487e        0x2 
 .text.__wrap___aeabi_i2d
                0x0000000010014880       0x38 CMakeFiles/wifi_test.dir/home/osugiw/pico/pico-sdk/src/rp2_common/pico_double/double_aeabi.S.obj
                0x0000000010014880                __wrap___aeabi_ui2d
                0x0000000010014888                __wrap___aeabi_i2d
 .text.__wrap___aeabi_d2iz
                0x00000000100148b8       0x48 CMakeFiles/wifi_test.dir/home/osugiw/pico/pico-sdk/src/rp2_common/pico_double/double_aeabi.S.obj
                0x00000000100148b8                __wrap___aeabi_d2iz
                0x00000000100148b8                double2int_z
 .text.__wrap___aeabi_d2uiz
                0x0000000010014900       0x10 CMakeFiles/wifi_test.dir/home/osugiw/pico/pico-sdk/src/rp2_common/pico_double/double_aeabi.S.obj
                0x0000000010014900                double2uint
                0x0000000010014900                __wrap___aeabi_d2uiz
 .text.missing_double_func_shim
                0x0000000010014910        0xc CMakeFiles/wifi_test.dir/home/osugiw/pico/pico-sdk/src/rp2_common/pico_double/double_init_rom.c.obj
 .text.__aeabi_double_init
                0x000000001001491c       0x98 CMakeFiles/wifi_test.dir/home/osugiw/pico/pico-sdk/src/rp2_common/pico_double/double_init_rom.c.obj
                0x000000001001491c                __aeabi_double_init
 .text.double_table_shim_on_use_helper
                0x00000000100149b4       0x2c CMakeFiles/wifi_test.dir/home/osugiw/pico/pico-sdk/src/rp2_common/pico_double/double_v1_rom_shim.S.obj
                0x00000000100149b4                double_table_shim_on_use_helper
 .text.__aeabi_lmul
                0x00000000100149e0       0x32 CMakeFiles/wifi_test.dir/home/osugiw/pico/pico-sdk/src/rp2_common/pico_int64_ops/pico_int64_ops_aeabi.S.obj
                0x00000000100149e0                __wrap___aeabi_lmul
 *fill*         0x0000000010014a12        0x2 
 .text.missing_float_func_shim
                0x0000000010014a14        0xc CMakeFiles/wifi_test.dir/home/osugiw/pico/pico-sdk/src/rp2_common/pico_float/float_init_rom.c.obj
 .text.__aeabi_float_init
                0x0000000010014a20       0x5c CMakeFiles/wifi_test.dir/home/osugiw/pico/pico-sdk/src/rp2_common/pico_float/float_init_rom.c.obj
                0x0000000010014a20                __aeabi_float_init
 .text          0x0000000010014a7c       0x10 CMakeFiles/wifi_test.dir/home/osugiw/pico/pico-sdk/src/rp2_common/pico_mem_ops/mem_ops_aeabi.S.obj
                0x0000000010014a7c                __aeabi_mem_init
 .text.memset   0x0000000010014a8c        0xc CMakeFiles/wifi_test.dir/home/osugiw/pico/pico-sdk/src/rp2_common/pico_mem_ops/mem_ops_aeabi.S.obj
                0x0000000010014a8c                __wrap_memset
 .text.memcpy   0x0000000010014a98        0xc CMakeFiles/wifi_test.dir/home/osugiw/pico/pico-sdk/src/rp2_common/pico_mem_ops/mem_ops_aeabi.S.obj
                0x0000000010014a98                __wrap___aeabi_memcpy
                0x0000000010014a98                __wrap_memcpy
 .text.stdio_out_chars_no_crlf
                0x0000000010014aa4       0x10 CMakeFiles/wifi_test.dir/home/osugiw/pico/pico-sdk/src/rp2_common/pico_stdio/stdio.c.obj
 .text.stdio_out_chars_crlf
                0x0000000010014ab4       0xb4 CMakeFiles/wifi_test.dir/home/osugiw/pico/pico-sdk/src/rp2_common/pico_stdio/stdio.c.obj
 .text.stdio_buffered_printer
                0x0000000010014b68       0x64 CMakeFiles/wifi_test.dir/home/osugiw/pico/pico-sdk/src/rp2_common/pico_stdio/stdio.c.obj
 .text.stdio_put_string.isra.0
                0x0000000010014bcc       0xfc CMakeFiles/wifi_test.dir/home/osugiw/pico/pico-sdk/src/rp2_common/pico_stdio/stdio.c.obj
 .text.__wrap_putchar
                0x0000000010014cc8       0x98 CMakeFiles/wifi_test.dir/home/osugiw/pico/pico-sdk/src/rp2_common/pico_stdio/stdio.c.obj
                0x0000000010014cc8                __wrap_putchar
 .text.__wrap_puts
                0x0000000010014d60       0x3c CMakeFiles/wifi_test.dir/home/osugiw/pico/pico-sdk/src/rp2_common/pico_stdio/stdio.c.obj
                0x0000000010014d60                __wrap_puts
 .text.stdio_set_driver_enabled
                0x0000000010014d9c       0x30 CMakeFiles/wifi_test.dir/home/osugiw/pico/pico-sdk/src/rp2_common/pico_stdio/stdio.c.obj
                0x0000000010014d9c                stdio_set_driver_enabled
 .text.__wrap_vprintf
                0x0000000010014dcc       0xd8 CMakeFiles/wifi_test.dir/home/osugiw/pico/pico-sdk/src/rp2_common/pico_stdio/stdio.c.obj
                0x0000000010014dcc                __wrap_vprintf
 .text.__wrap_printf
                0x0000000010014ea4       0x18 CMakeFiles/wifi_test.dir/home/osugiw/pico/pico-sdk/src/rp2_common/pico_stdio/stdio.c.obj